Archive member included to satisfy reference by file (symbol)

/opt/devkitpro/libnx/lib/libnx.a(applet.o)
                              main.o (appletMainLoop)
/opt/devkitpro/libnx/lib/libnx.a(sm.o)
                              /opt/devkitpro/libnx/lib/libnx.a(applet.o) (smGetServiceWrapper)
/opt/devkitpro/libnx/lib/libnx.a(diag.o)
                              /opt/devkitpro/libnx/lib/libnx.a(applet.o) (diagAbortWithResult)
/opt/devkitpro/libnx/lib/libnx.a(env.o)
                              /opt/devkitpro/libnx/lib/libnx.a(applet.o) (envIsNso)
/opt/devkitpro/libnx/lib/libnx.a(hosversion.o)
                              /opt/devkitpro/libnx/lib/libnx.a(applet.o) (hosversionGet)
/opt/devkitpro/libnx/lib/libnx.a(pad.o)
                              main.o (padConfigureInput)
/opt/devkitpro/libnx/lib/libnx.a(console.o)
                              main.o (consoleInit)
/opt/devkitpro/libnx/lib/libnx.a(console_sw.o)
                              /opt/devkitpro/libnx/lib/libnx.a(console.o) (getDefaultConsoleRenderer)
/opt/devkitpro/libnx/lib/libnx.a(svc.o)
                              /opt/devkitpro/libnx/lib/libnx.a(applet.o) (svcExitProcess)
/opt/devkitpro/libnx/lib/libnx.a(switch_crt0.o)
                              (_start)
/opt/devkitpro/libnx/lib/libnx.a(default_font.bin.o)
                              /opt/devkitpro/libnx/lib/libnx.a(console.o) (default_font_bin)
/opt/devkitpro/libnx/lib/libnx.a(event.o)
                              /opt/devkitpro/libnx/lib/libnx.a(applet.o) (eventLoadRemote)
/opt/devkitpro/libnx/lib/libnx.a(mutex.o)
                              /opt/devkitpro/libnx/lib/libnx.a(applet.o) (mutexLock)
/opt/devkitpro/libnx/lib/libnx.a(tmem.o)
                              /opt/devkitpro/libnx/lib/libnx.a(applet.o) (tmemCreate)
/opt/devkitpro/libnx/lib/libnx.a(virtmem.o)
                              /opt/devkitpro/libnx/lib/libnx.a(tmem.o) (virtmemLock)
/opt/devkitpro/libnx/lib/libnx.a(wait.o)
                              /opt/devkitpro/libnx/lib/libnx.a(applet.o) (waitObjects)
/opt/devkitpro/libnx/lib/libnx.a(apm.o)
                              /opt/devkitpro/libnx/lib/libnx.a(applet.o) (apmInitialize)
/opt/devkitpro/libnx/lib/libnx.a(hid.o)
                              /opt/devkitpro/libnx/lib/libnx.a(pad.o) (hidGetNpadStyleSet)
/opt/devkitpro/libnx/lib/libnx.a(default_window.o)
                              /opt/devkitpro/libnx/lib/libnx.a(console_sw.o) (nwindowGetDefault)
/opt/devkitpro/libnx/lib/libnx.a(framebuffer.o)
                              /opt/devkitpro/libnx/lib/libnx.a(console_sw.o) (framebufferMakeLinear)
/opt/devkitpro/libnx/lib/libnx.a(native_window.o)
                              /opt/devkitpro/libnx/lib/libnx.a(framebuffer.o) (nwindowIsValid)
/opt/devkitpro/libnx/lib/libnx.a(alloc.o)
                              /opt/devkitpro/libnx/lib/libnx.a(virtmem.o) (__libnx_alloc)
/opt/devkitpro/libnx/lib/libnx.a(argv.o)
                              /opt/devkitpro/libnx/lib/libnx.a(switch_crt0.o) (__system_argc)
/opt/devkitpro/libnx/lib/libnx.a(dynamic.o)
                              /opt/devkitpro/libnx/lib/libnx.a(switch_crt0.o) (__nx_dynamic)
/opt/devkitpro/libnx/lib/libnx.a(init.o)
                              /opt/devkitpro/libnx/lib/libnx.a(switch_crt0.o) (__libnx_init)
/opt/devkitpro/libnx/lib/libnx.a(newlib.o)
                              /opt/devkitpro/libnx/lib/libnx.a(init.o) (__libnx_init_time)
/opt/devkitpro/libnx/lib/libnx.a(nxlink.o)
                              /opt/devkitpro/libnx/lib/libnx.a(argv.o) (nxlinkSetup)
/opt/devkitpro/libnx/lib/libnx.a(fs_dev.o)
                              /opt/devkitpro/libnx/lib/libnx.a(init.o) (fsdevMountSdmc)
/opt/devkitpro/libnx/lib/libnx.a(path_buf.o)
                              /opt/devkitpro/libnx/lib/libnx.a(fs_dev.o) (__nx_dev_path_buf)
/opt/devkitpro/libnx/lib/libnx.a(decode_utf8.o)
                              /opt/devkitpro/libnx/lib/libnx.a(fs_dev.o) (decode_utf8)
/opt/devkitpro/libnx/lib/libnx.a(cache.o)
                              /opt/devkitpro/libnx/lib/libnx.a(framebuffer.o) (armDCacheFlush)
/opt/devkitpro/libnx/lib/libnx.a(exception.o)
                              /opt/devkitpro/libnx/lib/libnx.a(switch_crt0.o) (__libnx_exception_entry)
/opt/devkitpro/libnx/lib/libnx.a(readtp.o)
                              /opt/devkitpro/libnx/lib/libnx.a(fs_dev.o) (__aarch64_read_tp)
/opt/devkitpro/libnx/lib/libnx.a(condvar.o)
                              /opt/devkitpro/libnx/lib/libnx.a(newlib.o) (condvarWaitTimeout)
/opt/devkitpro/libnx/lib/libnx.a(random.o)
                              /opt/devkitpro/libnx/lib/libnx.a(virtmem.o) (randomGet64)
/opt/devkitpro/libnx/lib/libnx.a(shmem.o)
                              /opt/devkitpro/libnx/lib/libnx.a(hid.o) (shmemLoadRemote)
/opt/devkitpro/libnx/lib/libnx.a(thread.o)
                              /opt/devkitpro/libnx/lib/libnx.a(init.o) (__libnx_init_thread)
/opt/devkitpro/libnx/lib/libnx.a(fs.o)
[...]
Memory Configuration

Name             Origin             Length             Attributes
*default*        0x0000000000000000 0xffffffffffffffff

Linker script and memory map

                0x0000000000000000                PROVIDE (__start__ = 0x0)
                0x0000000000000000                . = __start__
                [!provide]                        PROVIDE (__code_start = .)

.text           0x0000000000000000    0x27bc8
 *(.crt0)
 .crt0          0x0000000000000000      0x124 /opt/devkitpro/libnx/lib/libnx.a(switch_crt0.o)
                0x0000000000000000                _start
                0x00000000000000e0                __nx_exit
                0x00000000000000f0                __nx_mod0
 *(.text.unlikely .text.*_unlikely .text.unlikely.*)
 *(.text.exit .text.exit.*)
 *fill*         0x0000000000000124       0x1c 
 .text.exit     0x0000000000000140       0x34 /opt/devkitpro/devkitA64/bin/../lib/gcc/aarch64-none-elf/14.2.0/../../../../aarch64-none-elf/lib/pic/libg.a(libc_a-exit.o)
                0x0000000000000140                exit
 *(.text.startup .text.startup.*)
 *fill*         0x0000000000000174        0xc 
 .text.startup.main
                0x0000000000000180       0xa4 main.o
                0x0000000000000180                main
 *(.text.hot .text.hot.*)
 *(.text .stub .text.* .gnu.linkonce.t.*)
 *fill*         0x0000000000000224       0x1c 
 .text.__do_global_dtors_aux
                0x0000000000000240       0x44 /opt/devkitpro/devkitA64/bin/../lib/gcc/aarch64-none-elf/14.2.0/pic/crtbegin.o
 *fill*         0x0000000000000284       0x1c 
 .text.frame_dummy
                0x00000000000002a0       0x24 /opt/devkitpro/devkitA64/bin/../lib/gcc/aarch64-none-elf/14.2.0/pic/crtbegin.o
 *fill*         0x00000000000002c4        0xc 
 .text._appletInfiniteSleepLoop
                0x00000000000002d0       0x18 /opt/devkitpro/libnx/lib/libnx.a(applet.o)
 *fill*         0x00000000000002e8        0x8 
 .text._appletCmdGetSession
                0x00000000000002f0      0x108 /opt/devkitpro/libnx/lib/libnx.a(applet.o)
 *fill*         0x00000000000003f8        0x8 
 .text._appletCmdInU8NoOut
                0x0000000000000400       0xcc /opt/devkitpro/libnx/lib/libnx.a(applet.o)
 *fill*         0x00000000000004cc        0x4 
 .text._appletGetLaunchReason
                0x00000000000004d0      0x104 /opt/devkitpro/libnx/lib/libnx.a(applet.o)
 *fill*         0x00000000000005d4        0xc 
 .text._appletSetFocusHandlingMode
                0x00000000000005e0       0xe4 /opt/devkitpro/libnx/lib/libnx.a(applet.o)
 *fill*         0x00000000000006c4        0xc 
 .text._appletCmdInU32NoOut
                0x00000000000006d0       0xcc /opt/devkitpro/libnx/lib/libnx.a(applet.o)
 *fill*         0x000000000000079c        0x4 
 .text._appletGetSessionProxy.constprop.0
                0x00000000000007a0      0x138 /opt/devkitpro/libnx/lib/libnx.a(applet.o)
 *fill*         0x00000000000008d8        0x8 
 .text._appletOpenLibraryAppletProxy.constprop.0
                0x00000000000008e0      0x154 /opt/devkitpro/libnx/lib/libnx.a(applet.o)
 *fill*         0x0000000000000a34        0xc 
 .text._appletCmdGetHandle.constprop.0.isra.0
                0x0000000000000a40       0xd0 /opt/devkitpro/libnx/lib/libnx.a(applet.o)
 .text._appletCmdNoInOutU8.isra.0
                0x0000000000000b10       0xd4 /opt/devkitpro/libnx/lib/libnx.a(applet.o)
 *fill*         0x0000000000000be4        0xc 
 .text._appletCmdNoInOutU32.isra.0
                0x0000000000000bf0       0xd4 /opt/devkitpro/libnx/lib/libnx.a(applet.o)
 *fill*         0x0000000000000cc4        0xc 
 .text._appletCmdNoInOutU64.isra.0
                0x0000000000000cd0       0xd4 /opt/devkitpro/libnx/lib/libnx.a(applet.o)
 *fill*         0x0000000000000da4        0xc 
 .text._appletCmdNoIO.isra.0
                0x0000000000000db0       0xc0 /opt/devkitpro/libnx/lib/libnx.a(applet.o)
 .text.appletGetAppletType
                0x0000000000000e70       0x10 /opt/devkitpro/libnx/lib/libnx.a(applet.o)
                0x0000000000000e70                appletGetAppletType
 .text.appletSetFocusHandlingMode
                0x0000000000000e80      0x108 /opt/devkitpro/libnx/lib/libnx.a(applet.o)
                0x0000000000000e80                appletSetFocusHandlingMode
 *fill*         0x0000000000000f88        0x8 
 .text.appletSetCpuBoostMode
                0x0000000000000f90       0x5c /opt/devkitpro/libnx/lib/libnx.a(applet.o)
                0x0000000000000f90                appletSetCpuBoostMode
 *fill*         0x0000000000000fec        0x4 
 .text.appletCreateManagedDisplayLayer
                0x0000000000000ff0       0x2c /opt/devkitpro/libnx/lib/libnx.a(applet.o)
                0x0000000000000ff0                appletCreateManagedDisplayLayer
 *fill*         0x000000000000101c        0x4 
 .text.appletGetAppletResourceUserId
                0x0000000000001020        0xc /opt/devkitpro/libnx/lib/libnx.a(applet.o)
                0x0000000000001020                appletGetAppletResourceUserId
 *fill*         0x000000000000102c        0x4 
 .text._appletGetIndirectLayerConsumerHandle
                0x0000000000001030       0xf4 /opt/devkitpro/libnx/lib/libnx.a(applet.o)
 *fill*         0x0000000000001124        0xc 
 .text._appletHolderCreateState
                0x0000000000001130       0x88 /opt/devkitpro/libnx/lib/libnx.a(applet.o)
 *fill*         0x00000000000011b8        0x8 
 .text.appletHolderClose
                0x00000000000011c0       0xb0 /opt/devkitpro/libnx/lib/libnx.a(applet.o)
                0x00000000000011c0                appletHolderClose
 .text.appletHolderGetLibraryAppletInfo
                0x0000000000001270       0x24 /opt/devkitpro/libnx/lib/libnx.a(applet.o)
                0x0000000000001270                appletHolderGetLibraryAppletInfo
 *fill*         0x0000000000001294        0xc 
 .text.appletNotifyRunning
                0x00000000000012a0       0x90 /opt/devkitpro/libnx/lib/libnx.a(applet.o)
                0x00000000000012a0                appletNotifyRunning
 .text.appletSetGamePlayRecordingState
                0x0000000000001330       0x8c /opt/devkitpro/libnx/lib/libnx.a(applet.o)
                0x0000000000001330                appletSetGamePlayRecordingState
 *fill*         0x00000000000013bc        0x4 
 .text._appletCleanup
                0x00000000000013c0      0xad4 /opt/devkitpro/libnx/lib/libnx.a(applet.o)
 *fill*         0x0000000000001e94        0xc 
 .text.appletExit
                0x0000000000001ea0       0x44 /opt/devkitpro/libnx/lib/libnx.a(applet.o)
                0x0000000000001ea0                appletExit
 *fill*         0x0000000000001ee4        0xc 
 .text.appletGetLibraryAppletInfo
                0x0000000000001ef0       0x40 /opt/devkitpro/libnx/lib/libnx.a(applet.o)
                0x0000000000001ef0                appletGetLibraryAppletInfo
 .text.appletInitialize
                0x0000000000001f30      0xa98 /opt/devkitpro/libnx/lib/libnx.a(applet.o)
                0x0000000000001f30                appletInitialize
 *fill*         0x00000000000029c8        0x8 
 .text._appletExitProcess
                0x00000000000029d0       0x24 /opt/devkitpro/libnx/lib/libnx.a(applet.o)
 *fill*         0x00000000000029f4        0xc 
 .text.appletGetMessage
                0x0000000000002a00       0x74 /opt/devkitpro/libnx/lib/libnx.a(applet.o)
                0x0000000000002a00                appletGetMessage
 *fill*         0x0000000000002a74        0xc 
 .text.appletProcessMessage
                0x0000000000002a80      0x27c /opt/devkitpro/libnx/lib/libnx.a(applet.o)
                0x0000000000002a80                appletProcessMessage
 *fill*         0x0000000000002cfc        0x4 
 .text.appletMainLoop
                0x0000000000002d00       0x34 /opt/devkitpro/libnx/lib/libnx.a(applet.o)
                0x0000000000002d00                appletMainLoop
 *fill*         0x0000000000002d34        0xc 
 .text._smCmifCmdInPid
                0x0000000000002d40       0xd0 /opt/devkitpro/libnx/lib/libnx.a(sm.o)
 .text._smCleanup
                0x0000000000002e10       0x68 /opt/devkitpro/libnx/lib/libnx.a(sm.o)
 *fill*         0x0000000000002e78        0x8 
 .text.smAddOverrideHandle
                0x0000000000002e80       0x48 /opt/devkitpro/libnx/lib/libnx.a(sm.o)
                0x0000000000002e80                smAddOverrideHandle
 *fill*         0x0000000000002ec8        0x8 
 .text.smGetServiceOverride
                0x0000000000002ed0       0x54 /opt/devkitpro/libnx/lib/libnx.a(sm.o)
                0x0000000000002ed0                smGetServiceOverride
 *fill*         0x0000000000002f24        0xc 
 .text.smInitialize
                0x0000000000002f30      0x1bc /opt/devkitpro/libnx/lib/libnx.a(sm.o)
                0x0000000000002f30                smInitialize
 *fill*         0x00000000000030ec        0x4 
 .text.smExit   0x00000000000030f0       0x44 /opt/devkitpro/libnx/lib/libnx.a(sm.o)
                0x00000000000030f0                smExit
 *fill*         0x0000000000003134        0xc 
 .text.smGetServiceOriginal
                0x0000000000003140       0xd0 /opt/devkitpro/libnx/lib/libnx.a(sm.o)
                0x0000000000003140                smGetServiceOriginal
 .text.smGetServiceWrapper
                0x0000000000003210      0x120 /opt/devkitpro/libnx/lib/libnx.a(sm.o)
                0x0000000000003210                smGetServiceWrapper
 .text.diagAbortWithResult
                0x0000000000003330       0x1c /opt/devkitpro/libnx/lib/libnx.a(diag.o)
                0x0000000000003330                diagAbortWithResult
 *fill*         0x000000000000334c        0x4 
 .text.envSetup
                0x0000000000003350      0x208 /opt/devkitpro/libnx/lib/libnx.a(env.o)
                0x0000000000003350                envSetup
 *fill*         0x0000000000003558        0x8 
 .text.envGetMainThreadHandle
                0x0000000000003560       0x20 /opt/devkitpro/libnx/lib/libnx.a(env.o)
                0x0000000000003560                envGetMainThreadHandle
 .text.envIsNso
                0x0000000000003580        0xc /opt/devkitpro/libnx/lib/libnx.a(env.o)
                0x0000000000003580                envIsNso
 *fill*         0x000000000000358c        0x4 
 .text.envHasHeapOverride
                0x0000000000003590       0x14 /opt/devkitpro/libnx/lib/libnx.a(env.o)
                0x0000000000003590                envHasHeapOverride
 *fill*         0x00000000000035a4        0xc 
 .text.envGetHeapOverrideAddr
                0x00000000000035b0        0xc /opt/devkitpro/libnx/lib/libnx.a(env.o)
                0x00000000000035b0                envGetHeapOverrideAddr
 *fill*         0x00000000000035bc        0x4 
 .text.envGetHeapOverrideSize
                0x00000000000035c0        0xc /opt/devkitpro/libnx/lib/libnx.a(env.o)
                0x00000000000035c0                envGetHeapOverrideSize
 *fill*         0x00000000000035cc        0x4 
 .text.envHasArgv
                0x00000000000035d0       0x14 /opt/devkitpro/libnx/lib/libnx.a(env.o)
                0x00000000000035d0                envHasArgv
 *fill*         0x00000000000035e4        0xc 
 .text.envGetArgv
                0x00000000000035f0        0xc /opt/devkitpro/libnx/lib/libnx.a(env.o)
                0x00000000000035f0                envGetArgv
 *fill*         0x00000000000035fc        0x4 
 .text.envGetExitFuncPtr
                0x0000000000003600        0xc /opt/devkitpro/libnx/lib/libnx.a(env.o)
                0x0000000000003600                envGetExitFuncPtr
 *fill*         0x000000000000360c        0x4 
 .text.envSetExitFuncPtr
                0x0000000000003610        0xc /opt/devkitpro/libnx/lib/libnx.a(env.o)
                0x0000000000003610                envSetExitFuncPtr
 *fill*         0x000000000000361c        0x4 
 .text.envHasRandomSeed
                0x0000000000003620        0xc /opt/devkitpro/libnx/lib/libnx.a(env.o)
                0x0000000000003620                envHasRandomSeed
 *fill*         0x000000000000362c        0x4 
 .text.envGetRandomSeed
                0x0000000000003630       0x10 /opt/devkitpro/libnx/lib/libnx.a(env.o)
                0x0000000000003630                envGetRandomSeed
 .text.hosversionGet
                0x0000000000003640       0x14 /opt/devkitpro/libnx/lib/libnx.a(hosversion.o)
                0x0000000000003640                hosversionGet
 *fill*         0x0000000000003654        0xc 
 .text.hosversionSet
                0x0000000000003660       0x10 /opt/devkitpro/libnx/lib/libnx.a(hosversion.o)
                0x0000000000003660                hosversionSet
 .text.padConfigureInput
                0x0000000000003670       0x9c /opt/devkitpro/libnx/lib/libnx.a(pad.o)
                0x0000000000003670                padConfigureInput
 *fill*         0x000000000000370c        0x4 
 .text.padInitializeWithMask
                0x0000000000003710       0x24 /opt/devkitpro/libnx/lib/libnx.a(pad.o)
                0x0000000000003710                padInitializeWithMask
 *fill*         0x0000000000003734        0xc 
 .text.padUpdate
                0x0000000000003740      0x2a8 /opt/devkitpro/libnx/lib/libnx.a(pad.o)
                0x0000000000003740                padUpdate
 *fill*         0x00000000000039e8        0x8 
 .text.consoleDrawChar
                0x00000000000039f0       0x48 /opt/devkitpro/libnx/lib/libnx.a(console.o)
 *fill*         0x0000000000003a38        0x8 
 .text.parseColor
                0x0000000000003a40      0x20c /opt/devkitpro/libnx/lib/libnx.a(console.o)
 *fill*         0x0000000000003c4c        0x4 
 .text.consoleNewRow
                0x0000000000003c50       0xb0 /opt/devkitpro/libnx/lib/libnx.a(console.o)
 .text.con_write
                0x0000000000003d00      0xc44 /opt/devkitpro/libnx/lib/libnx.a(console.o)
 *fill*         0x0000000000004944        0xc 
 .text.consoleInit
                0x0000000000004950      0x154 /opt/devkitpro/libnx/lib/libnx.a(console.o)
                0x0000000000004950                consoleInit
 *fill*         0x0000000000004aa4        0xc 
 .text.consoleExit
                0x0000000000004ab0       0x48 /opt/devkitpro/libnx/lib/libnx.a(console.o)
                0x0000000000004ab0                consoleExit
 *fill*         0x0000000000004af8        0x8 
 .text.consoleUpdate
                0x0000000000004b00       0x2c /opt/devkitpro/libnx/lib/libnx.a(console.o)
                0x0000000000004b00                consoleUpdate
 *fill*         0x0000000000004b2c        0x4 
 .text.ConsoleSwRenderer_drawChar
                0x0000000000004b30      0x1c8 /opt/devkitpro/libnx/lib/libnx.a(console_sw.o)
 *fill*         0x0000000000004cf8        0x8 
 .text.ConsoleSwRenderer_init
                0x0000000000004d00       0xfc /opt/devkitpro/libnx/lib/libnx.a(console_sw.o)
 *fill*         0x0000000000004dfc        0x4 
 .text.ConsoleSwRenderer_flushAndSwap
                0x0000000000004e00       0x70 /opt/devkitpro/libnx/lib/libnx.a(console_sw.o)
 .text.ConsoleSwRenderer_scrollWindow
                0x0000000000004e70       0xd4 /opt/devkitpro/libnx/lib/libnx.a(console_sw.o)
 *fill*         0x0000000000004f44        0xc 
 .text.ConsoleSwRenderer_deinit
                0x0000000000004f50       0x4c /opt/devkitpro/libnx/lib/libnx.a(console_sw.o)
 *fill*         0x0000000000004f9c        0x4 
 .text.getDefaultConsoleRenderer
                0x0000000000004fa0        0xc /opt/devkitpro/libnx/lib/libnx.a(console_sw.o)
                0x0000000000004fa0                getDefaultConsoleRenderer
 .text.svcSetHeapSize
                0x0000000000004fac       0x14 /opt/devkitpro/libnx/lib/libnx.a(svc.o)
                0x0000000000004fac                svcSetHeapSize
 .text.svcSetMemoryPermission
                0x0000000000004fc0        0x8 /opt/devkitpro/libnx/lib/libnx.a(svc.o)
                0x0000000000004fc0                svcSetMemoryPermission
 .text.svcSetMemoryAttribute
                0x0000000000004fc8        0x8 /opt/devkitpro/libnx/lib/libnx.a(svc.o)
                0x0000000000004fc8                svcSetMemoryAttribute
 .text.svcUnmapMemory
                0x0000000000004fd0        0x8 /opt/devkitpro/libnx/lib/libnx.a(svc.o)
                0x0000000000004fd0                svcUnmapMemory
 .text.svcQueryMemory
                0x0000000000004fd8       0x14 /opt/devkitpro/libnx/lib/libnx.a(svc.o)
                0x0000000000004fd8                svcQueryMemory
 .text.svcExitProcess
                0x0000000000004fec        0x8 /opt/devkitpro/libnx/lib/libnx.a(svc.o)
                0x0000000000004fec                svcExitProcess
 .text.svcSleepThread
                0x0000000000004ff4        0x8 /opt/devkitpro/libnx/lib/libnx.a(svc.o)
                0x0000000000004ff4                svcSleepThread
 .text.svcMapSharedMemory
                0x0000000000004ffc        0x8 /opt/devkitpro/libnx/lib/libnx.a(svc.o)
                0x0000000000004ffc                svcMapSharedMemory
 .text.svcUnmapSharedMemory
                0x0000000000005004        0x8 /opt/devkitpro/libnx/lib/libnx.a(svc.o)
                0x0000000000005004                svcUnmapSharedMemory
 .text.svcCreateTransferMemory
                0x000000000000500c       0x14 /opt/devkitpro/libnx/lib/libnx.a(svc.o)
                0x000000000000500c                svcCreateTransferMemory
 .text.svcCloseHandle
                0x0000000000005020        0x8 /opt/devkitpro/libnx/lib/libnx.a(svc.o)
                0x0000000000005020                svcCloseHandle
 .text.svcResetSignal
                0x0000000000005028        0x8 /opt/devkitpro/libnx/lib/libnx.a(svc.o)
                0x0000000000005028                svcResetSignal
 .text.svcWaitSynchronization
                0x0000000000005030       0x14 /opt/devkitpro/libnx/lib/libnx.a(svc.o)
                0x0000000000005030                svcWaitSynchronization
 .text.svcArbitrateLock
                0x0000000000005044        0x8 /opt/devkitpro/libnx/lib/libnx.a(svc.o)
                0x0000000000005044                svcArbitrateLock
 .text.svcArbitrateUnlock
                0x000000000000504c        0x8 /opt/devkitpro/libnx/lib/libnx.a(svc.o)
                0x000000000000504c                svcArbitrateUnlock
 .text.svcWaitProcessWideKeyAtomic
                0x0000000000005054        0x8 /opt/devkitpro/libnx/lib/libnx.a(svc.o)
                0x0000000000005054                svcWaitProcessWideKeyAtomic
 .text.svcSignalProcessWideKey
                0x000000000000505c        0x8 /opt/devkitpro/libnx/lib/libnx.a(svc.o)
                0x000000000000505c                svcSignalProcessWideKey
 .text.svcConnectToNamedPort
                0x0000000000005064       0x14 /opt/devkitpro/libnx/lib/libnx.a(svc.o)
                0x0000000000005064                svcConnectToNamedPort
 .text.svcSendSyncRequest
                0x0000000000005078        0x8 /opt/devkitpro/libnx/lib/libnx.a(svc.o)
                0x0000000000005078                svcSendSyncRequest
 .text.svcBreak
                0x0000000000005080        0x8 /opt/devkitpro/libnx/lib/libnx.a(svc.o)
                0x0000000000005080                svcBreak
 .text.svcReturnFromException
                0x0000000000005088        0x8 /opt/devkitpro/libnx/lib/libnx.a(svc.o)
                0x0000000000005088                svcReturnFromException
 .text.svcGetInfo
                0x0000000000005090       0x14 /opt/devkitpro/libnx/lib/libnx.a(svc.o)
                0x0000000000005090                svcGetInfo
 .text.svcUnmapTransferMemory
                0x00000000000050a4        0x8 /opt/devkitpro/libnx/lib/libnx.a(svc.o)
                0x00000000000050a4                svcUnmapTransferMemory
 *fill*         0x00000000000050ac        0x4 
 .text.eventLoadRemote
                0x00000000000050b0        0xc /opt/devkitpro/libnx/lib/libnx.a(event.o)
                0x00000000000050b0                eventLoadRemote
 *fill*         0x00000000000050bc        0x4 
 .text.eventWait
                0x00000000000050c0       0x38 /opt/devkitpro/libnx/lib/libnx.a(event.o)
                0x00000000000050c0                eventWait
 *fill*         0x00000000000050f8        0x8 
 .text.eventClose
                0x0000000000005100       0x50 /opt/devkitpro/libnx/lib/libnx.a(event.o)
                0x0000000000005100                eventClose
 .text.mutexLock
                0x0000000000005150       0x80 /opt/devkitpro/libnx/lib/libnx.a(mutex.o)
                0x0000000000005150                mutexLock
 .text.mutexUnlock
                0x00000000000051d0       0x68 /opt/devkitpro/libnx/lib/libnx.a(mutex.o)
                0x00000000000051d0                mutexUnlock
 *fill*         0x0000000000005238        0x8 
 .text.mutexIsLockedByCurrentThread
                0x0000000000005240       0x1c /opt/devkitpro/libnx/lib/libnx.a(mutex.o)
                0x0000000000005240                mutexIsLockedByCurrentThread
 *fill*         0x000000000000525c        0x4 
 .text.rmutexLock
                0x0000000000005260       0x4c /opt/devkitpro/libnx/lib/libnx.a(mutex.o)
                0x0000000000005260                rmutexLock
 *fill*         0x00000000000052ac        0x4 
 .text.rmutexUnlock
                0x00000000000052b0       0x1c /opt/devkitpro/libnx/lib/libnx.a(mutex.o)
                0x00000000000052b0                rmutexUnlock
 *fill*         0x00000000000052cc        0x4 
 .text.tmemCreate
                0x00000000000052d0       0xa8 /opt/devkitpro/libnx/lib/libnx.a(tmem.o)
                0x00000000000052d0                tmemCreate
 *fill*         0x0000000000005378        0x8 
 .text.tmemUnmap
                0x0000000000005380       0x34 /opt/devkitpro/libnx/lib/libnx.a(tmem.o)
                0x0000000000005380                tmemUnmap
 *fill*         0x00000000000053b4        0xc 
 .text.tmemCloseHandle
                0x00000000000053c0       0x38 /opt/devkitpro/libnx/lib/libnx.a(tmem.o)
                0x00000000000053c0                tmemCloseHandle
 *fill*         0x00000000000053f8        0x8 
 .text.tmemWaitForPermission
                0x0000000000005400       0xc8 /opt/devkitpro/libnx/lib/libnx.a(tmem.o)
                0x0000000000005400                tmemWaitForPermission
 *fill*         0x00000000000054c8        0x8 
 .text.tmemClose
                0x00000000000054d0       0x54 /opt/devkitpro/libnx/lib/libnx.a(tmem.o)
                0x00000000000054d0                tmemClose
 *fill*         0x0000000000005524        0xc 
 .text._memregionInitWithInfo
                0x0000000000005530       0x64 /opt/devkitpro/libnx/lib/libnx.a(virtmem.o)
 *fill*         0x0000000000005594        0xc 
 .text.__libnx_virtmem_rng
                0x00000000000055a0        0x4 /opt/devkitpro/libnx/lib/libnx.a(virtmem.o)
                0x00000000000055a0                __libnx_virtmem_rng
 *fill*         0x00000000000055a4        0xc 
 .text._memregionFindRandom
                0x00000000000055b0      0x164 /opt/devkitpro/libnx/lib/libnx.a(virtmem.o)
 *fill*         0x0000000000005714        0xc 
 .text.virtmemSetup
                0x0000000000005720      0x140 /opt/devkitpro/libnx/lib/libnx.a(virtmem.o)
                0x0000000000005720                virtmemSetup
 .text.virtmemLock
                0x0000000000005860        0xc /opt/devkitpro/libnx/lib/libnx.a(virtmem.o)
                0x0000000000005860                virtmemLock
 *fill*         0x000000000000586c        0x4 
 .text.virtmemUnlock
                0x0000000000005870        0xc /opt/devkitpro/libnx/lib/libnx.a(virtmem.o)
                0x0000000000005870                virtmemUnlock
 *fill*         0x000000000000587c        0x4 
 .text.virtmemFindAslr
                0x0000000000005880       0x50 /opt/devkitpro/libnx/lib/libnx.a(virtmem.o)
                0x0000000000005880                virtmemFindAslr
 .text.waitObjects
                0x00000000000058d0      0x56c /opt/devkitpro/libnx/lib/libnx.a(wait.o)
                0x00000000000058d0                waitObjects
 *fill*         0x0000000000005e3c        0x4 
 .text._apmCleanup
                0x0000000000005e40       0xc0 /opt/devkitpro/libnx/lib/libnx.a(apm.o)
 .text._apmCmdGetSession.constprop.0
                0x0000000000005f00       0xfc /opt/devkitpro/libnx/lib/libnx.a(apm.o)
 *fill*         0x0000000000005ffc        0x4 
 .text.apmInitialize
                0x0000000000006000       0xa0 /opt/devkitpro/libnx/lib/libnx.a(apm.o)
                0x0000000000006000                apmInitialize
 .text.apmExit  0x00000000000060a0       0x44 /opt/devkitpro/libnx/lib/libnx.a(apm.o)
                0x00000000000060a0                apmExit
 *fill*         0x00000000000060e4        0xc 
 .text.apmSetPerformanceConfiguration
                0x00000000000060f0       0xc8 /opt/devkitpro/libnx/lib/libnx.a(apm.o)
                0x00000000000060f0                apmSetPerformanceConfiguration
 *fill*         0x00000000000061b8        0x8 
 .text._hidCleanup
                0x00000000000061c0      0x108 /opt/devkitpro/libnx/lib/libnx.a(hid.o)
 *fill*         0x00000000000062c8        0x8 
 .text._hidCmdInAruidNoOut
                0x00000000000062d0       0xd8 /opt/devkitpro/libnx/lib/libnx.a(hid.o)
 *fill*         0x00000000000063a8        0x8 
 .text._hidCmdInU32AruidNoOut
                0x00000000000063b0       0xe4 /opt/devkitpro/libnx/lib/libnx.a(hid.o)
 *fill*         0x0000000000006494        0xc 
 .text._hidGetStates
                0x00000000000064a0      0x1a4 /opt/devkitpro/libnx/lib/libnx.a(hid.o)
 *fill*         0x0000000000006644        0xc 
 .text._hidCreateAppletResource.constprop.0
                0x0000000000006650      0x114 /opt/devkitpro/libnx/lib/libnx.a(hid.o)
 *fill*         0x0000000000006764        0xc 
 .text._hidCmdGetHandle.constprop.0
                0x0000000000006770       0xc8 /opt/devkitpro/libnx/lib/libnx.a(hid.o)
 *fill*         0x0000000000006838        0x8 
 .text.hidInitialize
                0x0000000000006840       0xdc /opt/devkitpro/libnx/lib/libnx.a(hid.o)
                0x0000000000006840                hidInitialize
 *fill*         0x000000000000691c        0x4 
 .text.hidExit  0x0000000000006920       0x44 /opt/devkitpro/libnx/lib/libnx.a(hid.o)
                0x0000000000006920                hidExit
 *fill*         0x0000000000006964        0xc 
 .text.hidGetSharedmemAddr
                0x0000000000006970        0xc /opt/devkitpro/libnx/lib/libnx.a(hid.o)
                0x0000000000006970                hidGetSharedmemAddr
 *fill*         0x000000000000697c        0x4 
 .text.hidGetNpadStyleSet
                0x0000000000006980       0x90 /opt/devkitpro/libnx/lib/libnx.a(hid.o)
                0x0000000000006980                hidGetNpadStyleSet
 .text.hidInitializeNpad
                0x0000000000006a10       0x6c /opt/devkitpro/libnx/lib/libnx.a(hid.o)
                0x0000000000006a10                hidInitializeNpad
 *fill*         0x0000000000006a7c        0x4 
 .text.hidGetNpadStatesFullKey
                0x0000000000006a80       0xa8 /opt/devkitpro/libnx/lib/libnx.a(hid.o)
                0x0000000000006a80                hidGetNpadStatesFullKey
 *fill*         0x0000000000006b28        0x8 
 .text.hidGetNpadStatesHandheld
                0x0000000000006b30       0xa8 /opt/devkitpro/libnx/lib/libnx.a(hid.o)
                0x0000000000006b30                hidGetNpadStatesHandheld
 *fill*         0x0000000000006bd8        0x8 
 .text.hidGetNpadStatesJoyDual
                0x0000000000006be0       0xa8 /opt/devkitpro/libnx/lib/libnx.a(hid.o)
                0x0000000000006be0                hidGetNpadStatesJoyDual
 *fill*         0x0000000000006c88        0x8 
 .text.hidGetNpadStatesJoyLeft
                0x0000000000006c90       0xa8 /opt/devkitpro/libnx/lib/libnx.a(hid.o)
                0x0000000000006c90                hidGetNpadStatesJoyLeft
 *fill*         0x0000000000006d38        0x8 
 .text.hidGetNpadStatesJoyRight
                0x0000000000006d40       0xa8 /opt/devkitpro/libnx/lib/libnx.a(hid.o)
                0x0000000000006d40                hidGetNpadStatesJoyRight
 *fill*         0x0000000000006de8        0x8 
 .text.hidGetNpadStatesGc
                0x0000000000006df0      0x158 /opt/devkitpro/libnx/lib/libnx.a(hid.o)
                0x0000000000006df0                hidGetNpadStatesGc
 *fill*         0x0000000000006f48        0x8 
 .text.hidGetNpadStatesSystemExt
                0x0000000000006f50       0xac /opt/devkitpro/libnx/lib/libnx.a(hid.o)
                0x0000000000006f50                hidGetNpadStatesSystemExt
 *fill*         0x0000000000006ffc        0x4 
 .text.hidSetSupportedNpadStyleSet
                0x0000000000007000        0x8 /opt/devkitpro/libnx/lib/libnx.a(hid.o)
                0x0000000000007000                hidSetSupportedNpadStyleSet
 *fill*         0x0000000000007008        0x8 
 .text.hidSetSupportedNpadIdType
                0x0000000000007010      0x100 /opt/devkitpro/libnx/lib/libnx.a(hid.o)
                0x0000000000007010                hidSetSupportedNpadIdType
 .text.nwindowGetDefault
                0x0000000000007110        0xc /opt/devkitpro/libnx/lib/libnx.a(default_window.o)
                0x0000000000007110                nwindowGetDefault
 *fill*         0x000000000000711c        0x4 
 .text.__nx_win_init
                0x0000000000007120       0xb0 /opt/devkitpro/libnx/lib/libnx.a(default_window.o)
                0x0000000000007120                __nx_win_init
 .text.__nx_win_exit
                0x00000000000071d0       0x34 /opt/devkitpro/libnx/lib/libnx.a(default_window.o)
                0x00000000000071d0                __nx_win_exit
 *fill*         0x0000000000007204        0xc 
 .text.framebufferMakeLinear
                0x0000000000007210       0x8c /opt/devkitpro/libnx/lib/libnx.a(framebuffer.o)
                0x0000000000007210                framebufferMakeLinear
 *fill*         0x000000000000729c        0x4 
 .text.framebufferClose
                0x00000000000072a0       0x80 /opt/devkitpro/libnx/lib/libnx.a(framebuffer.o)
                0x00000000000072a0                framebufferClose
 .text.framebufferCreate
                0x0000000000007320      0x2b4 /opt/devkitpro/libnx/lib/libnx.a(framebuffer.o)
                0x0000000000007320                framebufferCreate
 *fill*         0x00000000000075d4        0xc 
 .text.framebufferBegin
                0x00000000000075e0       0x88 /opt/devkitpro/libnx/lib/libnx.a(framebuffer.o)
                0x00000000000075e0                framebufferBegin
 *fill*         0x0000000000007668        0x8 
 .text.framebufferEnd
                0x0000000000007670      0x18c /opt/devkitpro/libnx/lib/libnx.a(framebuffer.o)
                0x0000000000007670                framebufferEnd
 *fill*         0x00000000000077fc        0x4 
 .text.nwindowIsValid
                0x0000000000007800       0x24 /opt/devkitpro/libnx/lib/libnx.a(native_window.o)
                0x0000000000007800                nwindowIsValid
 *fill*         0x0000000000007824        0xc 
 .text.nwindowClose
                0x0000000000007830       0x7c /opt/devkitpro/libnx/lib/libnx.a(native_window.o)
                0x0000000000007830                nwindowClose
 *fill*         0x00000000000078ac        0x4 
 .text.nwindowCreate
                0x00000000000078b0       0xf4 /opt/devkitpro/libnx/lib/libnx.a(native_window.o)
                0x00000000000078b0                nwindowCreate
 *fill*         0x00000000000079a4        0xc 
 .text.nwindowCreateFromLayer
                0x00000000000079b0       0x34 /opt/devkitpro/libnx/lib/libnx.a(native_window.o)
                0x00000000000079b0                nwindowCreateFromLayer
 *fill*         0x00000000000079e4        0xc 
 .text.nwindowSetDimensions
                0x00000000000079f0       0x84 /opt/devkitpro/libnx/lib/libnx.a(native_window.o)
                0x00000000000079f0                nwindowSetDimensions
 *fill*         0x0000000000007a74        0xc 
 .text.nwindowConfigureBuffer
                0x0000000000007a80      0x18c /opt/devkitpro/libnx/lib/libnx.a(native_window.o)
                0x0000000000007a80                nwindowConfigureBuffer
 *fill*         0x0000000000007c0c        0x4 
 .text.nwindowDequeueBuffer
                0x0000000000007c10      0x1e0 /opt/devkitpro/libnx/lib/libnx.a(native_window.o)
                0x0000000000007c10                nwindowDequeueBuffer
 .text.nwindowQueueBuffer
                0x0000000000007df0      0x13c /opt/devkitpro/libnx/lib/libnx.a(native_window.o)
                0x0000000000007df0                nwindowQueueBuffer
 *fill*         0x0000000000007f2c        0x4 
 .text.nwindowReleaseBuffers
                0x0000000000007f30       0x94 /opt/devkitpro/libnx/lib/libnx.a(native_window.o)
                0x0000000000007f30                nwindowReleaseBuffers
 *fill*         0x0000000000007fc4        0xc 
 .text.__libnx_alloc
                0x0000000000007fd0        0x4 /opt/devkitpro/libnx/lib/libnx.a(alloc.o)
                0x0000000000007fd0                __libnx_alloc
 *fill*         0x0000000000007fd4        0xc 
 .text.__libnx_aligned_alloc
                0x0000000000007fe0       0x14 /opt/devkitpro/libnx/lib/libnx.a(alloc.o)
                0x0000000000007fe0                __libnx_aligned_alloc
 *fill*         0x0000000000007ff4        0xc 
 .text.__libnx_free
                0x0000000000008000        0x4 /opt/devkitpro/libnx/lib/libnx.a(alloc.o)
                0x0000000000008000                __libnx_free
 *fill*         0x0000000000008004        0xc 
 .text.argvSetup
                0x0000000000008010      0x340 /opt/devkitpro/libnx/lib/libnx.a(argv.o)
                0x0000000000008010                argvSetup
 .text.__nx_dynamic
                0x0000000000008350      0x168 /opt/devkitpro/libnx/lib/libnx.a(dynamic.o)
                0x0000000000008350                __nx_dynamic
 *fill*         0x00000000000084b8        0x8 
 .text.__libnx_initheap
                0x00000000000084c0       0xd4 /opt/devkitpro/libnx/lib/libnx.a(init.o)
                0x00000000000084c0                __libnx_initheap
 *fill*         0x0000000000008594        0xc 
 .text.__appInit
                0x00000000000085a0       0xec /opt/devkitpro/libnx/lib/libnx.a(init.o)
                0x00000000000085a0                __appInit
 *fill*         0x000000000000868c        0x4 
 .text.__appExit
                0x0000000000008690       0x44 /opt/devkitpro/libnx/lib/libnx.a(init.o)
                0x0000000000008690                __appExit
 *fill*         0x00000000000086d4        0xc 
 .text.__libnx_init
                0x00000000000086e0       0x2c /opt/devkitpro/libnx/lib/libnx.a(init.o)
                0x00000000000086e0                __libnx_init
 *fill*         0x000000000000870c        0x4 
 .text.__libnx_exit
                0x0000000000008710       0x1c /opt/devkitpro/libnx/lib/libnx.a(init.o)
                0x0000000000008710                __libnx_exit
 *fill*         0x000000000000872c        0x4 
 .text.__syscall_exit
                0x0000000000008730       0x1c /opt/devkitpro/libnx/lib/libnx.a(newlib.o)
                0x0000000000008730                __syscall_exit
 *fill*         0x000000000000874c        0x4 
 .text.__syscall_getreent
                0x0000000000008750       0x30 /opt/devkitpro/libnx/lib/libnx.a(newlib.o)
                0x0000000000008750                __syscall_getreent
 .text.__syscall_lock_acquire
                0x0000000000008780        0x4 /opt/devkitpro/libnx/lib/libnx.a(newlib.o)
                0x0000000000008780                __syscall_lock_acquire
 *fill*         0x0000000000008784        0xc 
 .text.__syscall_lock_release
                0x0000000000008790        0x4 /opt/devkitpro/libnx/lib/libnx.a(newlib.o)
                0x0000000000008790                __syscall_lock_release
 *fill*         0x0000000000008794        0xc 
 .text.__syscall_lock_acquire_recursive
                0x00000000000087a0        0x4 /opt/devkitpro/libnx/lib/libnx.a(newlib.o)
                0x00000000000087a0                __syscall_lock_acquire_recursive
 *fill*         0x00000000000087a4        0xc 
 .text.__syscall_lock_release_recursive
                0x00000000000087b0        0x4 /opt/devkitpro/libnx/lib/libnx.a(newlib.o)
                0x00000000000087b0                __syscall_lock_release_recursive
 *fill*         0x00000000000087b4        0xc 
 .text.__libnx_init_time
                0x00000000000087c0      0x238 /opt/devkitpro/libnx/lib/libnx.a(newlib.o)
                0x00000000000087c0                __libnx_init_time
 *fill*         0x00000000000089f8        0x8 
 .text.newlibSetup
                0x0000000000008a00       0x9c /opt/devkitpro/libnx/lib/libnx.a(newlib.o)
                0x0000000000008a00                newlibSetup
 *fill*         0x0000000000008a9c        0x4 
 .text.nxlinkSetup
                0x0000000000008aa0       0xc4 /opt/devkitpro/libnx/lib/libnx.a(nxlink.o)
                0x0000000000008aa0                nxlinkSetup
 *fill*         0x0000000000008b64        0xc 
 .text.fsdev_link
                0x0000000000008b70       0x14 /opt/devkitpro/libnx/lib/libnx.a(fs_dev.o)
 *fill*         0x0000000000008b84        0xc 
 .text.fsdev_dirreset
                0x0000000000008b90       0x14 /opt/devkitpro/libnx/lib/libnx.a(fs_dev.o)
 *fill*         0x0000000000008ba4        0xc 
 .text.fsdev_chmod
                0x0000000000008bb0       0x14 /opt/devkitpro/libnx/lib/libnx.a(fs_dev.o)
 *fill*         0x0000000000008bc4        0xc 
 .text.error_cmp
                0x0000000000008bd0       0x18 /opt/devkitpro/libnx/lib/libnx.a(fs_dev.o)
 *fill*         0x0000000000008be8        0x8 
 .text.fsdev_dirclose
                0x0000000000008bf0       0x20 /opt/devkitpro/libnx/lib/libnx.a(fs_dev.o)
 .text.fsdev_close
                0x0000000000008c10       0x1c /opt/devkitpro/libnx/lib/libnx.a(fs_dev.o)
 *fill*         0x0000000000008c2c        0x4 
 .text.fsdev_converttimetoutc
                0x0000000000008c30       0x7c /opt/devkitpro/libnx/lib/libnx.a(fs_dev.o)
 *fill*         0x0000000000008cac        0x4 
 .text.fsdevFindDevice.part.0
                0x0000000000008cb0       0xdc /opt/devkitpro/libnx/lib/libnx.a(fs_dev.o)
 *fill*         0x0000000000008d8c        0x4 
 .text.fsdev_fixpath
                0x0000000000008d90      0x1d4 /opt/devkitpro/libnx/lib/libnx.a(fs_dev.o)
 *fill*         0x0000000000008f64        0xc 
 .text._fsdevUnmountDeviceStruct.part.0
                0x0000000000008f70       0xa0 /opt/devkitpro/libnx/lib/libnx.a(fs_dev.o)
 .text.fsdev_fchmod
                0x0000000000009010       0x14 /opt/devkitpro/libnx/lib/libnx.a(fs_dev.o)
 *fill*         0x0000000000009024        0xc 
 .text.fsdev_diropen
                0x0000000000009030       0xfc /opt/devkitpro/libnx/lib/libnx.a(fs_dev.o)
 *fill*         0x000000000000912c        0x4 
 .text.fsdev_statvfs
                0x0000000000009130      0x100 /opt/devkitpro/libnx/lib/libnx.a(fs_dev.o)
 .text.fsdev_fsync
                0x0000000000009230       0x7c /opt/devkitpro/libnx/lib/libnx.a(fs_dev.o)
 *fill*         0x00000000000092ac        0x4 
 .text.fsdev_fstat
                0x00000000000092b0       0xf4 /opt/devkitpro/libnx/lib/libnx.a(fs_dev.o)
 *fill*         0x00000000000093a4        0xc 
 .text.fsdev_ftruncate
                0x00000000000093b0       0x94 /opt/devkitpro/libnx/lib/libnx.a(fs_dev.o)
 *fill*         0x0000000000009444        0xc 
 .text.fsdev_stat
                0x0000000000009450      0x1fc /opt/devkitpro/libnx/lib/libnx.a(fs_dev.o)
 *fill*         0x000000000000964c        0x4 
 .text.fsdev_rename
                0x0000000000009650      0x14c /opt/devkitpro/libnx/lib/libnx.a(fs_dev.o)
 *fill*         0x000000000000979c        0x4 
 .text.fsdev_chdir
                0x00000000000097a0      0x140 /opt/devkitpro/libnx/lib/libnx.a(fs_dev.o)
 .text.fsdev_rmdir
                0x00000000000098e0       0xa4 /opt/devkitpro/libnx/lib/libnx.a(fs_dev.o)
 *fill*         0x0000000000009984        0xc 
 .text.fsdev_mkdir
                0x0000000000009990       0xa4 /opt/devkitpro/libnx/lib/libnx.a(fs_dev.o)
 *fill*         0x0000000000009a34        0xc 
 .text.fsdev_unlink
                0x0000000000009a40       0xa4 /opt/devkitpro/libnx/lib/libnx.a(fs_dev.o)
 *fill*         0x0000000000009ae4        0xc 
 .text.fsdev_write_safe
                0x0000000000009af0      0x144 /opt/devkitpro/libnx/lib/libnx.a(fs_dev.o)
 *fill*         0x0000000000009c34        0xc 
 .text.fsdev_read_safe
                0x0000000000009c40      0x13c /opt/devkitpro/libnx/lib/libnx.a(fs_dev.o)
 *fill*         0x0000000000009d7c        0x4 
 .text.fsdev_read
                0x0000000000009d80      0x100 /opt/devkitpro/libnx/lib/libnx.a(fs_dev.o)
 .text.fsdev_dirnext
                0x0000000000009e80      0x1cc /opt/devkitpro/libnx/lib/libnx.a(fs_dev.o)
 *fill*         0x000000000000a04c        0x4 
 .text.fsdev_write
                0x000000000000a050      0x124 /opt/devkitpro/libnx/lib/libnx.a(fs_dev.o)
 *fill*         0x000000000000a174        0xc 
 .text.fsdev_seek
                0x000000000000a180       0xe0 /opt/devkitpro/libnx/lib/libnx.a(fs_dev.o)
 .text.fsdev_open
                0x000000000000a260      0x250 /opt/devkitpro/libnx/lib/libnx.a(fs_dev.o)
 .text.fsdevMountDevice
                0x000000000000a4b0      0x228 /opt/devkitpro/libnx/lib/libnx.a(fs_dev.o)
                0x000000000000a4b0                fsdevMountDevice
 *fill*         0x000000000000a6d8        0x8 
 .text.fsdevMountSdmc
                0x000000000000a6e0       0x40 /opt/devkitpro/libnx/lib/libnx.a(fs_dev.o)
                0x000000000000a6e0                fsdevMountSdmc
 .text.__libnx_init_cwd
                0x000000000000a720       0xc0 /opt/devkitpro/libnx/lib/libnx.a(fs_dev.o)
                0x000000000000a720                __libnx_init_cwd
 .text.fsdevUnmountAll
                0x000000000000a7e0       0x64 /opt/devkitpro/libnx/lib/libnx.a(fs_dev.o)
                0x000000000000a7e0                fsdevUnmountAll
 *fill*         0x000000000000a844        0xc 
 .text.decode_utf8
                0x000000000000a850      0x12c /opt/devkitpro/libnx/lib/libnx.a(decode_utf8.o)
                0x000000000000a850                decode_utf8
 .text.armDCacheFlush
                0x000000000000a97c       0x4c /opt/devkitpro/libnx/lib/libnx.a(cache.o)
                0x000000000000a97c                armDCacheFlush
 .text.__libnx_exception_entry
                0x000000000000a9c8      0x1c0 /opt/devkitpro/libnx/lib/libnx.a(exception.o)
                0x000000000000a9c8                __libnx_exception_entry
 .text.__libnx_exception_returnentry
                0x000000000000ab88       0x18 /opt/devkitpro/libnx/lib/libnx.a(exception.o)
                0x000000000000ab88                __libnx_exception_returnentry
 .text.__aarch64_read_tp
                0x000000000000aba0        0xc /opt/devkitpro/libnx/lib/libnx.a(readtp.o)
                0x000000000000aba0                __aarch64_read_tp
 *fill*         0x000000000000abac        0x4 
 .text.condvarWaitTimeout
                0x000000000000abb0       0x64 /opt/devkitpro/libnx/lib/libnx.a(condvar.o)
                0x000000000000abb0                condvarWaitTimeout
 *fill*         0x000000000000ac14        0xc 
 .text.randomGet
                0x000000000000ac20      0x3c4 /opt/devkitpro/libnx/lib/libnx.a(random.o)
                0x000000000000ac20                randomGet
 *fill*         0x000000000000afe4        0xc 
 .text.randomGet64
                0x000000000000aff0       0x20 /opt/devkitpro/libnx/lib/libnx.a(random.o)
                0x000000000000aff0                randomGet64
 .text.shmemLoadRemote
                0x000000000000b010       0x14 /opt/devkitpro/libnx/lib/libnx.a(shmem.o)
                0x000000000000b010                shmemLoadRemote
 *fill*         0x000000000000b024        0xc 
 .text.shmemMap
                0x000000000000b030       0x88 /opt/devkitpro/libnx/lib/libnx.a(shmem.o)
                0x000000000000b030                shmemMap
 *fill*         0x000000000000b0b8        0x8 
 .text.shmemUnmap
                0x000000000000b0c0       0x34 /opt/devkitpro/libnx/lib/libnx.a(shmem.o)
                0x000000000000b0c0                shmemUnmap
 *fill*         0x000000000000b0f4        0xc 
 .text.shmemClose
                0x000000000000b100       0x44 /opt/devkitpro/libnx/lib/libnx.a(shmem.o)
                0x000000000000b100                shmemClose
 *fill*         0x000000000000b144        0xc 
 .text.__libnx_init_thread
                0x000000000000b150       0xb0 /opt/devkitpro/libnx/lib/libnx.a(thread.o)
                0x000000000000b150                __libnx_init_thread
 .text._fsCleanup
                0x000000000000b200       0xb4 /opt/devkitpro/libnx/lib/libnx.a(fs.o)
 *fill*         0x000000000000b2b4        0xc 
 .text._fsCmdNoIO
                0x000000000000b2c0      0x1ac /opt/devkitpro/libnx/lib/libnx.a(fs.o)
 *fill*         0x000000000000b46c        0x4 
 .text._fsFsCmdWithInPath
                0x000000000000b470      0x1d4 /opt/devkitpro/libnx/lib/libnx.a(fs.o)
 *fill*         0x000000000000b644        0xc 
 .text._fsFsCmdWithTwoInPaths
                0x000000000000b650      0x1f0 /opt/devkitpro/libnx/lib/libnx.a(fs.o)
 .text._fsFsOpenCommon
                0x000000000000b840      0x26c /opt/devkitpro/libnx/lib/libnx.a(fs.o)
 *fill*         0x000000000000baac        0x4 
 .text._fsFsCmdWithInPathAndOutU64
                0x000000000000bab0      0x1e8 /opt/devkitpro/libnx/lib/libnx.a(fs.o)
 *fill*         0x000000000000bc98        0x8 
 .text._fsObjectClose
                0x000000000000bca0       0xf4 /opt/devkitpro/libnx/lib/libnx.a(fs.o)
 *fill*         0x000000000000bd94        0xc 
 .text._fsCmdGetSession.constprop.0
                0x000000000000bda0      0x17c /opt/devkitpro/libnx/lib/libnx.a(fs.o)
 *fill*         0x000000000000bf1c        0x4 
 .text.fsInitialize
                0x000000000000bf20      0x2f8 /opt/devkitpro/libnx/lib/libnx.a(fs.o)
                0x000000000000bf20                fsInitialize
 *fill*         0x000000000000c218        0x8 
 .text.fsExit   0x000000000000c220       0x44 /opt/devkitpro/libnx/lib/libnx.a(fs.o)
                0x000000000000c220                fsExit
 *fill*         0x000000000000c264        0xc 
 .text.fsOpenSdCardFileSystem
                0x000000000000c270        0x8 /opt/devkitpro/libnx/lib/libnx.a(fs.o)
                0x000000000000c270                fsOpenSdCardFileSystem
 *fill*         0x000000000000c278        0x8 
 .text.fsFsCreateFile
                0x000000000000c280      0x1e4 /opt/devkitpro/libnx/lib/libnx.a(fs.o)
                0x000000000000c280                fsFsCreateFile
 *fill*         0x000000000000c464        0xc 
 .text.fsFsDeleteFile
                0x000000000000c470        0x8 /opt/devkitpro/libnx/lib/libnx.a(fs.o)
                0x000000000000c470                fsFsDeleteFile
 *fill*         0x000000000000c478        0x8 
 .text.fsFsCreateDirectory
                0x000000000000c480        0x8 /opt/devkitpro/libnx/lib/libnx.a(fs.o)
                0x000000000000c480                fsFsCreateDirectory
 *fill*         0x000000000000c488        0x8 
 .text.fsFsDeleteDirectory
                0x000000000000c490        0x8 /opt/devkitpro/libnx/lib/libnx.a(fs.o)
                0x000000000000c490                fsFsDeleteDirectory
 *fill*         0x000000000000c498        0x8 
 .text.fsFsRenameFile
                0x000000000000c4a0        0x8 /opt/devkitpro/libnx/lib/libnx.a(fs.o)
                0x000000000000c4a0                fsFsRenameFile
 *fill*         0x000000000000c4a8        0x8 
 .text.fsFsRenameDirectory
                0x000000000000c4b0        0x8 /opt/devkitpro/libnx/lib/libnx.a(fs.o)
                0x000000000000c4b0                fsFsRenameDirectory
 *fill*         0x000000000000c4b8        0x8 
 .text.fsFsGetEntryType
                0x000000000000c4c0      0x1e8 /opt/devkitpro/libnx/lib/libnx.a(fs.o)
                0x000000000000c4c0                fsFsGetEntryType
 *fill*         0x000000000000c6a8        0x8 
 .text.fsFsOpenFile
                0x000000000000c6b0        0x8 /opt/devkitpro/libnx/lib/libnx.a(fs.o)
                0x000000000000c6b0                fsFsOpenFile
 *fill*         0x000000000000c6b8        0x8 
 .text.fsFsOpenDirectory
                0x000000000000c6c0        0x8 /opt/devkitpro/libnx/lib/libnx.a(fs.o)
                0x000000000000c6c0                fsFsOpenDirectory
 *fill*         0x000000000000c6c8        0x8 
 .text.fsFsGetFreeSpace
                0x000000000000c6d0        0x8 /opt/devkitpro/libnx/lib/libnx.a(fs.o)
                0x000000000000c6d0                fsFsGetFreeSpace
 *fill*         0x000000000000c6d8        0x8 
 .text.fsFsGetTotalSpace
                0x000000000000c6e0        0x8 /opt/devkitpro/libnx/lib/libnx.a(fs.o)
                0x000000000000c6e0                fsFsGetTotalSpace
 *fill*         0x000000000000c6e8        0x8 
 .text.fsFsGetFileTimeStampRaw
                0x000000000000c6f0      0x228 /opt/devkitpro/libnx/lib/libnx.a(fs.o)
                0x000000000000c6f0                fsFsGetFileTimeStampRaw
 *fill*         0x000000000000c918        0x8 
 .text.fsFsClose
                0x000000000000c920        0x4 /opt/devkitpro/libnx/lib/libnx.a(fs.o)
                0x000000000000c920                fsFsClose
 *fill*         0x000000000000c924        0xc 
 .text.fsFileRead
                0x000000000000c930      0x210 /opt/devkitpro/libnx/lib/libnx.a(fs.o)
                0x000000000000c930                fsFileRead
 .text.fsFileWrite
                0x000000000000cb40      0x1f8 /opt/devkitpro/libnx/lib/libnx.a(fs.o)
                0x000000000000cb40                fsFileWrite
 *fill*         0x000000000000cd38        0x8 
 .text.fsFileFlush
                0x000000000000cd40        0x8 /opt/devkitpro/libnx/lib/libnx.a(fs.o)
                0x000000000000cd40                fsFileFlush
 *fill*         0x000000000000cd48        0x8 
 .text.fsFileSetSize
                0x000000000000cd50      0x1b8 /opt/devkitpro/libnx/lib/libnx.a(fs.o)
                0x000000000000cd50                fsFileSetSize
 *fill*         0x000000000000cf08        0x8 
 .text.fsFileGetSize
                0x000000000000cf10      0x1c0 /opt/devkitpro/libnx/lib/libnx.a(fs.o)
                0x000000000000cf10                fsFileGetSize
 .text.fsFileClose
                0x000000000000d0d0        0x4 /opt/devkitpro/libnx/lib/libnx.a(fs.o)
                0x000000000000d0d0                fsFileClose
 *fill*         0x000000000000d0d4        0xc 
 .text.fsDirClose
                0x000000000000d0e0        0x4 /opt/devkitpro/libnx/lib/libnx.a(fs.o)
                0x000000000000d0e0                fsDirClose
 *fill*         0x000000000000d0e4        0xc 
 .text.fsDirRead
                0x000000000000d0f0      0x1f8 /opt/devkitpro/libnx/lib/libnx.a(fs.o)
                0x000000000000d0f0                fsDirRead
 *fill*         0x000000000000d2e8        0x8 
 .text._nvSetClientPID
                0x000000000000d2f0       0xd0 /opt/devkitpro/libnx/lib/libnx.a(nv.o)
 .text._nvCleanup
                0x000000000000d3c0       0xc8 /opt/devkitpro/libnx/lib/libnx.a(nv.o)
 *fill*         0x000000000000d488        0x8 
 .text._nvCmdInitialize.constprop.0
                0x000000000000d490       0xd8 /opt/devkitpro/libnx/lib/libnx.a(nv.o)
 *fill*         0x000000000000d568        0x8 
 .text.__nx_nv_create_tmem
                0x000000000000d570       0x1c /opt/devkitpro/libnx/lib/libnx.a(nv.o)
                0x000000000000d570                __nx_nv_create_tmem
 *fill*         0x000000000000d58c        0x4 
 .text.nvInitialize
                0x000000000000d590      0x2d8 /opt/devkitpro/libnx/lib/libnx.a(nv.o)
                0x000000000000d590                nvInitialize
 *fill*         0x000000000000d868        0x8 
 .text.nvExit   0x000000000000d870       0x44 /opt/devkitpro/libnx/lib/libnx.a(nv.o)
                0x000000000000d870                nvExit
 *fill*         0x000000000000d8b4        0xc 
 .text.nvConvertError
                0x000000000000d8c0       0xf4 /opt/devkitpro/libnx/lib/libnx.a(nv.o)
                0x000000000000d8c0                nvConvertError
 *fill*         0x000000000000d9b4        0xc 
 .text.nvOpen   0x000000000000d9c0      0x118 /opt/devkitpro/libnx/lib/libnx.a(nv.o)
                0x000000000000d9c0                nvOpen
 *fill*         0x000000000000dad8        0x8 
 .text.nvIoctl  0x000000000000dae0      0x2f8 /opt/devkitpro/libnx/lib/libnx.a(nv.o)
                0x000000000000dae0                nvIoctl
 *fill*         0x000000000000ddd8        0x8 
 .text.nvClose  0x000000000000dde0       0xd8 /opt/devkitpro/libnx/lib/libnx.a(nv.o)
                0x000000000000dde0                nvClose
 *fill*         0x000000000000deb8        0x8 
 .text.nvQueryEvent
                0x000000000000dec0      0x110 /opt/devkitpro/libnx/lib/libnx.a(nv.o)
                0x000000000000dec0                nvQueryEvent
 .text._setsysGetFirmwareVersionImpl
                0x000000000000dfd0       0xd4 /opt/devkitpro/libnx/lib/libnx.a(set.o)
 *fill*         0x000000000000e0a4        0xc 
 .text._setsysCleanup
                0x000000000000e0b0       0x68 /opt/devkitpro/libnx/lib/libnx.a(set.o)
 *fill*         0x000000000000e118        0x8 
 .text.setsysInitialize
                0x000000000000e120       0xa0 /opt/devkitpro/libnx/lib/libnx.a(set.o)
                0x000000000000e120                setsysInitialize
 .text.setsysExit
                0x000000000000e1c0       0x44 /opt/devkitpro/libnx/lib/libnx.a(set.o)
                0x000000000000e1c0                setsysExit
 *fill*         0x000000000000e204        0xc 
 .text.setsysGetFirmwareVersion
                0x000000000000e210       0x44 /opt/devkitpro/libnx/lib/libnx.a(set.o)
                0x000000000000e210                setsysGetFirmwareVersion
 *fill*         0x000000000000e254        0xc 
 .text._timeCleanup
                0x000000000000e260      0x228 /opt/devkitpro/libnx/lib/libnx.a(time.o)
 *fill*         0x000000000000e488        0x8 
 .text._timeCmdGetSession.constprop.0
                0x000000000000e490      0x100 /opt/devkitpro/libnx/lib/libnx.a(time.o)
 .text._timeGetSharedMemoryNativeHandle.constprop.0
                0x000000000000e590       0xcc /opt/devkitpro/libnx/lib/libnx.a(time.o)
 *fill*         0x000000000000e65c        0x4 
 .text._timeCmdNoInOutU64.constprop.0.isra.0
                0x000000000000e660       0xc4 /opt/devkitpro/libnx/lib/libnx.a(time.o)
 *fill*         0x000000000000e724        0xc 
 .text._timeReadClockFromSharedMem
                0x000000000000e730      0x104 /opt/devkitpro/libnx/lib/libnx.a(time.o)
 *fill*         0x000000000000e834        0xc 
 .text.timeInitialize
                0x000000000000e840      0x238 /opt/devkitpro/libnx/lib/libnx.a(time.o)
                0x000000000000e840                timeInitialize
 *fill*         0x000000000000ea78        0x8 
 .text.timeExit
                0x000000000000ea80       0x44 /opt/devkitpro/libnx/lib/libnx.a(time.o)
                0x000000000000ea80                timeExit
 *fill*         0x000000000000eac4        0xc 
 .text.timeGetServiceSession_SystemClock
                0x000000000000ead0       0x38 /opt/devkitpro/libnx/lib/libnx.a(time.o)
                0x000000000000ead0                timeGetServiceSession_SystemClock
 *fill*         0x000000000000eb08        0x8 
 .text.timeGetCurrentTime
                0x000000000000eb10       0x68 /opt/devkitpro/libnx/lib/libnx.a(time.o)
                0x000000000000eb10                timeGetCurrentTime
 *fill*         0x000000000000eb78        0x8 
 .text.timeToCalendarTimeWithMyRule
                0x000000000000eb80      0x110 /opt/devkitpro/libnx/lib/libnx.a(time.o)
                0x000000000000eb80                timeToCalendarTimeWithMyRule
 .text.timeToPosixTimeWithMyRule
                0x000000000000ec90      0x104 /opt/devkitpro/libnx/lib/libnx.a(time.o)
                0x000000000000ec90                timeToPosixTimeWithMyRule
 *fill*         0x000000000000ed94        0xc 
 .text._viCleanup
                0x000000000000eda0      0x1dc /opt/devkitpro/libnx/lib/libnx.a(vi.o)
 *fill*         0x000000000000ef7c        0x4 
 .text._viCmdGetSessionNoParams.constprop.0
                0x000000000000ef80      0x100 /opt/devkitpro/libnx/lib/libnx.a(vi.o)
 .text._viCmdGetSession.constprop.0
                0x000000000000f080       0xfc /opt/devkitpro/libnx/lib/libnx.a(vi.o)
 *fill*         0x000000000000f17c        0x4 
 .text.viInitialize
                0x000000000000f180      0x284 /opt/devkitpro/libnx/lib/libnx.a(vi.o)
                0x000000000000f180                viInitialize
 *fill*         0x000000000000f404        0xc 
 .text.viExit   0x000000000000f410       0x44 /opt/devkitpro/libnx/lib/libnx.a(vi.o)
                0x000000000000f410                viExit
 *fill*         0x000000000000f454        0xc 
 .text.viGetSession_IHOSBinderDriverRelay
                0x000000000000f460        0xc /opt/devkitpro/libnx/lib/libnx.a(vi.o)
                0x000000000000f460                viGetSession_IHOSBinderDriverRelay
 *fill*         0x000000000000f46c        0x4 
 .text.viOpenDisplay
                0x000000000000f470      0x118 /opt/devkitpro/libnx/lib/libnx.a(vi.o)
                0x000000000000f470                viOpenDisplay
 *fill*         0x000000000000f588        0x8 
 .text.viCloseDisplay
                0x000000000000f590       0xf4 /opt/devkitpro/libnx/lib/libnx.a(vi.o)
                0x000000000000f590                viCloseDisplay
 *fill*         0x000000000000f684        0xc 
 .text.viCloseLayer
                0x000000000000f690       0xfc /opt/devkitpro/libnx/lib/libnx.a(vi.o)
                0x000000000000f690                viCloseLayer
 *fill*         0x000000000000f78c        0x4 
 .text.viCreateLayer
                0x000000000000f790      0x374 /opt/devkitpro/libnx/lib/libnx.a(vi.o)
                0x000000000000f790                viCreateLayer
 *fill*         0x000000000000fb04        0xc 
 .text.viSetLayerScalingMode
                0x000000000000fb10       0xd8 /opt/devkitpro/libnx/lib/libnx.a(vi.o)
                0x000000000000fb10                viSetLayerScalingMode
 *fill*         0x000000000000fbe8        0x8 
 .text._nvFenceCleanup
                0x000000000000fbf0       0x7c /opt/devkitpro/libnx/lib/libnx.a(fence.o)
 *fill*         0x000000000000fc6c        0x4 
 .text.nvFenceInit
                0x000000000000fc70       0x98 /opt/devkitpro/libnx/lib/libnx.a(fence.o)
                0x000000000000fc70                nvFenceInit
 *fill*         0x000000000000fd08        0x8 
 .text.nvFenceExit
                0x000000000000fd10       0x44 /opt/devkitpro/libnx/lib/libnx.a(fence.o)
                0x000000000000fd10                nvFenceExit
 *fill*         0x000000000000fd54        0xc 
 .text.nvFenceWait
                0x000000000000fd60      0x240 /opt/devkitpro/libnx/lib/libnx.a(fence.o)
                0x000000000000fd60                nvFenceWait
 .text.nvMultiFenceWait
                0x000000000000ffa0       0x74 /opt/devkitpro/libnx/lib/libnx.a(fence.o)
                0x000000000000ffa0                nvMultiFenceWait
 *fill*         0x0000000000010014        0xc 
 .text.nvMapInit
                0x0000000000010020       0xb4 /opt/devkitpro/libnx/lib/libnx.a(map.o)
                0x0000000000010020                nvMapInit
 *fill*         0x00000000000100d4        0xc 
 .text.nvMapExit
                0x00000000000100e0       0x6c /opt/devkitpro/libnx/lib/libnx.a(map.o)
                0x00000000000100e0                nvMapExit
 *fill*         0x000000000001014c        0x4 
 .text.nvMapClose
                0x0000000000010150       0x80 /opt/devkitpro/libnx/lib/libnx.a(map.o)
                0x0000000000010150                nvMapClose
 .text.nvMapCreate
                0x00000000000101d0      0x154 /opt/devkitpro/libnx/lib/libnx.a(map.o)
                0x00000000000101d0                nvMapCreate
 *fill*         0x0000000000010324        0xc 
 .text.nvioctlNvhostCtrl_EventSignal
                0x0000000000010330       0x28 /opt/devkitpro/libnx/lib/libnx.a(nvhost-ctrl.o)
                0x0000000000010330                nvioctlNvhostCtrl_EventSignal
 *fill*         0x0000000000010358        0x8 
 .text.nvioctlNvhostCtrl_EventWait
                0x0000000000010360       0x44 /opt/devkitpro/libnx/lib/libnx.a(nvhost-ctrl.o)
                0x0000000000010360                nvioctlNvhostCtrl_EventWait
 *fill*         0x00000000000103a4        0xc 
 .text.nvioctlNvhostCtrl_EventWaitAsync
                0x00000000000103b0       0x30 /opt/devkitpro/libnx/lib/libnx.a(nvhost-ctrl.o)
                0x00000000000103b0                nvioctlNvhostCtrl_EventWaitAsync
 .text.nvioctlNvhostCtrl_EventRegister
                0x00000000000103e0       0x28 /opt/devkitpro/libnx/lib/libnx.a(nvhost-ctrl.o)
                0x00000000000103e0                nvioctlNvhostCtrl_EventRegister
 *fill*         0x0000000000010408        0x8 
 .text.nvioctlNvhostCtrl_EventUnregister
                0x0000000000010410       0x28 /opt/devkitpro/libnx/lib/libnx.a(nvhost-ctrl.o)
                0x0000000000010410                nvioctlNvhostCtrl_EventUnregister
 *fill*         0x0000000000010438        0x8 
 .text.nvioctlNvmap_Create
                0x0000000000010440       0x40 /opt/devkitpro/libnx/lib/libnx.a(nvmap.o)
                0x0000000000010440                nvioctlNvmap_Create
 .text.nvioctlNvmap_Alloc
                0x0000000000010480       0x38 /opt/devkitpro/libnx/lib/libnx.a(nvmap.o)
                0x0000000000010480                nvioctlNvmap_Alloc
 *fill*         0x00000000000104b8        0x8 
 .text.nvioctlNvmap_Free
                0x00000000000104c0       0x34 /opt/devkitpro/libnx/lib/libnx.a(nvmap.o)
                0x00000000000104c0                nvioctlNvmap_Free
 *fill*         0x00000000000104f4        0xc 
 .text.nvioctlNvmap_GetId
                0x0000000000010500       0x40 /opt/devkitpro/libnx/lib/libnx.a(nvmap.o)
                0x0000000000010500                nvioctlNvmap_GetId
 .text.binderCreate
                0x0000000000010540       0x1c /opt/devkitpro/libnx/lib/libnx.a(binder.o)
                0x0000000000010540                binderCreate
 *fill*         0x000000000001055c        0x4 
 .text.binderTransactParcel
                0x0000000000010560      0x368 /opt/devkitpro/libnx/lib/libnx.a(binder.o)
                0x0000000000010560                binderTransactParcel
 *fill*         0x00000000000108c8        0x8 
 .text.binderConvertErrorCode
                0x00000000000108d0       0xe8 /opt/devkitpro/libnx/lib/libnx.a(binder.o)
                0x00000000000108d0                binderConvertErrorCode
 *fill*         0x00000000000109b8        0x8 
 .text.binderAdjustRefcount
                0x00000000000109c0      0x128 /opt/devkitpro/libnx/lib/libnx.a(binder.o)
                0x00000000000109c0                binderAdjustRefcount
 *fill*         0x0000000000010ae8        0x8 
 .text.binderInitSession
                0x0000000000010af0       0x98 /opt/devkitpro/libnx/lib/libnx.a(binder.o)
                0x0000000000010af0                binderInitSession
 *fill*         0x0000000000010b88        0x8 
 .text.binderClose
                0x0000000000010b90       0x68 /opt/devkitpro/libnx/lib/libnx.a(binder.o)
                0x0000000000010b90                binderClose
 *fill*         0x0000000000010bf8        0x8 
 .text.binderGetNativeHandle
                0x0000000000010c00      0x15c /opt/devkitpro/libnx/lib/libnx.a(binder.o)
                0x0000000000010c00                binderGetNativeHandle
 *fill*         0x0000000000010d5c        0x4 
 .text.bqRequestBuffer
                0x0000000000010d60       0xd8 /opt/devkitpro/libnx/lib/libnx.a(buffer_producer.o)
                0x0000000000010d60                bqRequestBuffer
 *fill*         0x0000000000010e38        0x8 
 .text.bqDequeueBuffer
                0x0000000000010e40      0x160 /opt/devkitpro/libnx/lib/libnx.a(buffer_producer.o)
                0x0000000000010e40                bqDequeueBuffer
 .text.bqQueueBuffer
                0x0000000000010fa0       0xdc /opt/devkitpro/libnx/lib/libnx.a(buffer_producer.o)
                0x0000000000010fa0                bqQueueBuffer
 *fill*         0x000000000001107c        0x4 
 .text.bqCancelBuffer
                0x0000000000011080       0x94 /opt/devkitpro/libnx/lib/libnx.a(buffer_producer.o)
                0x0000000000011080                bqCancelBuffer
 *fill*         0x0000000000011114        0xc 
 .text.bqConnect
                0x0000000000011120       0xe4 /opt/devkitpro/libnx/lib/libnx.a(buffer_producer.o)
                0x0000000000011120                bqConnect
 *fill*         0x0000000000011204        0xc 
 .text.bqDisconnect
                0x0000000000011210       0x9c /opt/devkitpro/libnx/lib/libnx.a(buffer_producer.o)
                0x0000000000011210                bqDisconnect
 *fill*         0x00000000000112ac        0x4 
 .text.bqSetPreallocatedBuffer
                0x00000000000112b0      0x17c /opt/devkitpro/libnx/lib/libnx.a(buffer_producer.o)
                0x00000000000112b0                bqSetPreallocatedBuffer
 *fill*         0x000000000001142c        0x4 
 .text.parcelCreate
                0x0000000000011430       0x30 /opt/devkitpro/libnx/lib/libnx.a(parcel.o)
                0x0000000000011430                parcelCreate
 .text.parcelTransact
                0x0000000000011460      0x198 /opt/devkitpro/libnx/lib/libnx.a(parcel.o)
                0x0000000000011460                parcelTransact
 *fill*         0x00000000000115f8        0x8 
 .text.parcelWriteData
                0x0000000000011600       0x88 /opt/devkitpro/libnx/lib/libnx.a(parcel.o)
                0x0000000000011600                parcelWriteData
 *fill*         0x0000000000011688        0x8 
 .text.parcelReadData
                0x0000000000011690       0x98 /opt/devkitpro/libnx/lib/libnx.a(parcel.o)
                0x0000000000011690                parcelReadData
 *fill*         0x0000000000011728        0x8 
 .text.parcelWriteInt32
                0x0000000000011730       0x20 /opt/devkitpro/libnx/lib/libnx.a(parcel.o)
                0x0000000000011730                parcelWriteInt32
 .text.parcelWriteUInt32
                0x0000000000011750       0x20 /opt/devkitpro/libnx/lib/libnx.a(parcel.o)
                0x0000000000011750                parcelWriteUInt32
 .text.parcelWriteString16
                0x0000000000011770       0x7c /opt/devkitpro/libnx/lib/libnx.a(parcel.o)
                0x0000000000011770                parcelWriteString16
 *fill*         0x00000000000117ec        0x4 
 .text.parcelWriteInterfaceToken
                0x00000000000117f0       0x30 /opt/devkitpro/libnx/lib/libnx.a(parcel.o)
                0x00000000000117f0                parcelWriteInterfaceToken
 .text.parcelReadInt32
                0x0000000000011820       0x24 /opt/devkitpro/libnx/lib/libnx.a(parcel.o)
                0x0000000000011820                parcelReadInt32
 *fill*         0x0000000000011844        0xc 
 .text.parcelReadFlattenedObject
                0x0000000000011850       0x68 /opt/devkitpro/libnx/lib/libnx.a(parcel.o)
                0x0000000000011850                parcelReadFlattenedObject
 *fill*         0x00000000000118b8        0x8 
 .text.parcelWriteFlattenedObject
                0x00000000000118c0       0x4c /opt/devkitpro/libnx/lib/libnx.a(parcel.o)
                0x00000000000118c0                parcelWriteFlattenedObject
 *fill*         0x000000000001190c        0x4 
 .text.sessionmgrCreate
                0x0000000000011910      0x178 /opt/devkitpro/libnx/lib/libnx.a(sessionmgr.o)
                0x0000000000011910                sessionmgrCreate
 *fill*         0x0000000000011a88        0x8 
 .text.sessionmgrClose
                0x0000000000011a90       0x84 /opt/devkitpro/libnx/lib/libnx.a(sessionmgr.o)
                0x0000000000011a90                sessionmgrClose
 *fill*         0x0000000000011b14        0xc 
 .text.sessionmgrAttachClient
                0x0000000000011b20       0xb4 /opt/devkitpro/libnx/lib/libnx.a(sessionmgr.o)
                0x0000000000011b20                sessionmgrAttachClient
 *fill*         0x0000000000011bd4        0xc 
 .text.sessionmgrDetachClient
                0x0000000000011be0       0x70 /opt/devkitpro/libnx/lib/libnx.a(sessionmgr.o)
                0x0000000000011be0                sessionmgrDetachClient
 *fill*         0x0000000000011c50       0x10 
 .text.setenv   0x0000000000011c60       0x3c /opt/devkitpro/devkitA64/bin/../lib/gcc/aarch64-none-elf/14.2.0/../../../../aarch64-none-elf/lib/pic/libg.a(libc_a-setenv.o)
                0x0000000000011c60                setenv
 *fill*         0x0000000000011c9c        0x4 
 .text._strtoul_l.isra.0
                0x0000000000011ca0      0x1a4 /opt/devkitpro/devkitA64/bin/../lib/gcc/aarch64-none-elf/14.2.0/../../../../aarch64-none-elf/lib/pic/libg.a(libc_a-strtoul.o)
 *fill*         0x0000000000011e44       0x1c 
 .text._strtoul_r
                0x0000000000011e60       0x44 /opt/devkitpro/devkitA64/bin/../lib/gcc/aarch64-none-elf/14.2.0/../../../../aarch64-none-elf/lib/pic/libg.a(libc_a-strtoul.o)
                0x0000000000011e60                _strtoul_r
 *fill*         0x0000000000011ea4       0x1c 
 .text.strtoul  0x0000000000011ec0       0x48 /opt/devkitpro/devkitA64/bin/../lib/gcc/aarch64-none-elf/14.2.0/../../../../aarch64-none-elf/lib/pic/libg.a(libc_a-strtoul.o)
                0x0000000000011ec0                strtoul
 *fill*         0x0000000000011f08       0x38 
 .text          0x0000000000011f40      0x130 /opt/devkitpro/devkitA64/bin/../lib/gcc/aarch64-none-elf/14.2.0/../../../../aarch64-none-elf/lib/pic/libg.a(libc_a-strlen.o)
                0x0000000000011f40                strlen
 *fill*         0x0000000000012070       0x10 
 .text.strncat  0x0000000000012080       0x80 /opt/devkitpro/devkitA64/bin/../lib/gcc/aarch64-none-elf/14.2.0/../../../../aarch64-none-elf/lib/pic/libg.a(libc_a-strncat.o)
                0x0000000000012080                strncat
 .text.bsearch  0x0000000000012100       0xb8 /opt/devkitpro/devkitA64/bin/../lib/gcc/aarch64-none-elf/14.2.0/../../../../aarch64-none-elf/lib/pic/libg.a(libc_a-bsearch.o)
                0x0000000000012100                bsearch
 *fill*         0x00000000000121b8        0x8 
 .text          0x00000000000121c0       0xdc /opt/devkitpro/devkitA64/bin/../lib/gcc/aarch64-none-elf/14.2.0/../../../../aarch64-none-elf/lib/pic/libg.a(libc_a-memchr.o)
                0x00000000000121c0                memchr
 *fill*         0x000000000001229c        0x4 
 .text.aligned_alloc
                0x00000000000122a0       0x2c /opt/devkitpro/devkitA64/bin/../lib/gcc/aarch64-none-elf/14.2.0/../../../../aarch64-none-elf/lib/pic/libg.a(libc_a-aligned_alloc.o)
                0x00000000000122a0                aligned_alloc
 *fill*         0x00000000000122cc       0x34 
 .text          0x0000000000012300      0x1b4 /opt/devkitpro/devkitA64/bin/../lib/gcc/aarch64-none-elf/14.2.0/../../../../aarch64-none-elf/lib/pic/libg.a(libc_a-strncmp.o)
                0x0000000000012300                strncmp
 *fill*         0x00000000000124b4        0xc 
 .text          0x00000000000124c0      0x134 /opt/devkitpro/devkitA64/bin/../lib/gcc/aarch64-none-elf/14.2.0/../../../../aarch64-none-elf/lib/pic/libg.a(libc_a-strcmp.o)
                0x00000000000124c0                strcmp
 *fill*         0x00000000000125f4        0xc 
 .text          0x0000000000012600       0xb8 /opt/devkitpro/devkitA64/bin/../lib/gcc/aarch64-none-elf/14.2.0/../../../../aarch64-none-elf/lib/pic/libg.a(libc_a-strnlen.o)
                0x0000000000012600                strnlen
 *fill*         0x00000000000126b8        0x8 
 .text.stdio_exit_handler
                0x00000000000126c0       0x1c /opt/devkitpro/devkitA64/bin/../lib/gcc/aarch64-none-elf/14.2.0/../../../../aarch64-none-elf/lib/pic/libg.a(libc_a-findfp.o)
 *fill*         0x00000000000126dc        0x4 
 .text.cleanup_stdio
                0x00000000000126e0       0x6c /opt/devkitpro/devkitA64/bin/../lib/gcc/aarch64-none-elf/14.2.0/../../../../aarch64-none-elf/lib/pic/libg.a(libc_a-findfp.o)
 *fill*         0x000000000001274c       0x14 
 .text.global_stdio_init.part.0
                0x0000000000012760      0x134 /opt/devkitpro/devkitA64/bin/../lib/gcc/aarch64-none-elf/14.2.0/../../../../aarch64-none-elf/lib/pic/libg.a(libc_a-findfp.o)
 *fill*         0x0000000000012894        0xc 
 .text.__sfp_lock_acquire
                0x00000000000128a0        0xc /opt/devkitpro/devkitA64/bin/../lib/gcc/aarch64-none-elf/14.2.0/../../../../aarch64-none-elf/lib/pic/libg.a(libc_a-findfp.o)
                0x00000000000128a0                __sfp_lock_acquire
 *fill*         0x00000000000128ac       0x14 
 .text.__sfp_lock_release
                0x00000000000128c0        0xc /opt/devkitpro/devkitA64/bin/../lib/gcc/aarch64-none-elf/14.2.0/../../../../aarch64-none-elf/lib/pic/libg.a(libc_a-findfp.o)
                0x00000000000128c0                __sfp_lock_release
 *fill*         0x00000000000128cc       0x14 
 .text.__sinit  0x00000000000128e0       0x54 /opt/devkitpro/devkitA64/bin/../lib/gcc/aarch64-none-elf/14.2.0/../../../../aarch64-none-elf/lib/pic/libg.a(libc_a-findfp.o)
                0x00000000000128e0                __sinit
 *fill*         0x0000000000012934        0xc 
 .text._malloc_r
                0x0000000000012940      0x7e8 /opt/devkitpro/devkitA64/bin/../lib/gcc/aarch64-none-elf/14.2.0/../../../../aarch64-none-elf/lib/pic/libg.a(libc_a-mallocr.o)
                0x0000000000012940                _malloc_r
 *fill*         0x0000000000013128       0x18 
 .text          0x0000000000013140      0x22c /opt/devkitpro/devkitA64/bin/../lib/gcc/aarch64-none-elf/14.2.0/../../../../aarch64-none-elf/lib/pic/libg.a(libc_a-memcpy.o)
                0x0000000000013140                memmove
                0x0000000000013140                memcpy
 *fill*         0x000000000001336c       0x14 
 .text._malloc_trim_r
                0x0000000000013380      0x124 /opt/devkitpro/devkitA64/bin/../lib/gcc/aarch64-none-elf/14.2.0/../../../../aarch64-none-elf/lib/pic/libg.a(libc_a-freer.o)
                0x0000000000013380                _malloc_trim_r
 *fill*         0x00000000000134a4       0x1c 
 .text._free_r  0x00000000000134c0      0x2d4 /opt/devkitpro/devkitA64/bin/../lib/gcc/aarch64-none-elf/14.2.0/../../../../aarch64-none-elf/lib/pic/libg.a(libc_a-freer.o)
                0x00000000000134c0                _free_r
 *fill*         0x0000000000013794        0xc 
 .text.setvbuf  0x00000000000137a0      0x278 /opt/devkitpro/devkitA64/bin/../lib/gcc/aarch64-none-elf/14.2.0/../../../../aarch64-none-elf/lib/pic/libg.a(libc_a-setvbuf.o)
                0x00000000000137a0                setvbuf
 *fill*         0x0000000000013a18        0x8 
 .text.__errno  0x0000000000013a20       0x14 /opt/devkitpro/devkitA64/bin/../lib/gcc/aarch64-none-elf/14.2.0/../../../../aarch64-none-elf/lib/pic/libg.a(libc_a-errno.o)
                0x0000000000013a20                __errno
 *fill*         0x0000000000013a34        0xc 
 .text.malloc   0x0000000000013a40       0x44 /opt/devkitpro/devkitA64/bin/../lib/gcc/aarch64-none-elf/14.2.0/../../../../aarch64-none-elf/lib/pic/libg.a(libc_a-malloc.o)
                0x0000000000013a40                malloc
 *fill*         0x0000000000013a84       0x1c 
 .text.free     0x0000000000013aa0       0x24 /opt/devkitpro/devkitA64/bin/../lib/gcc/aarch64-none-elf/14.2.0/../../../../aarch64-none-elf/lib/pic/libg.a(libc_a-malloc.o)
                0x0000000000013aa0                free
 *fill*         0x0000000000013ac4       0x1c 
 .text.sscanf   0x0000000000013ae0       0xb4 /opt/devkitpro/devkitA64/bin/../lib/gcc/aarch64-none-elf/14.2.0/../../../../aarch64-none-elf/lib/pic/libg.a(libc_a-sscanf.o)
                0x0000000000013ae0                sscanf
 *fill*         0x0000000000013b94        0xc 
 .text._puts_r  0x0000000000013ba0       0xd0 /opt/devkitpro/devkitA64/bin/../lib/gcc/aarch64-none-elf/14.2.0/../../../../aarch64-none-elf/lib/pic/libg.a(libc_a-puts.o)
                0x0000000000013ba0                _puts_r
 *fill*         0x0000000000013c70       0x10 
 .text.puts     0x0000000000013c80       0x24 /opt/devkitpro/devkitA64/bin/../lib/gcc/aarch64-none-elf/14.2.0/../../../../aarch64-none-elf/lib/pic/libg.a(libc_a-puts.o)
                0x0000000000013c80                puts
 *fill*         0x0000000000013ca4       0x1c 
 .text.gmtime   0x0000000000013cc0       0x2c /opt/devkitpro/devkitA64/bin/../lib/gcc/aarch64-none-elf/14.2.0/../../../../aarch64-none-elf/lib/pic/libg.a(libc_a-gmtime.o)
                0x0000000000013cc0                gmtime
 *fill*         0x0000000000013cec       0x14 
 .text._fwalk_sglue
                0x0000000000013d00       0x98 /opt/devkitpro/devkitA64/bin/../lib/gcc/aarch64-none-elf/14.2.0/../../../../aarch64-none-elf/lib/pic/libg.a(libc_a-fwalk.o)
                0x0000000000013d00                _fwalk_sglue
 *fill*         0x0000000000013d98        0x8 
 .text.__malloc_lock
                0x0000000000013da0        0xc /opt/devkitpro/devkitA64/bin/../lib/gcc/aarch64-none-elf/14.2.0/../../../../aarch64-none-elf/lib/pic/libg.a(libc_a-mlock.o)
                0x0000000000013da0                __malloc_lock
 *fill*         0x0000000000013dac       0x14 
 .text.__malloc_unlock
                0x0000000000013dc0        0xc /opt/devkitpro/devkitA64/bin/../lib/gcc/aarch64-none-elf/14.2.0/../../../../aarch64-none-elf/lib/pic/libg.a(libc_a-mlock.o)
                0x0000000000013dc0                __malloc_unlock
 *fill*         0x0000000000013dcc       0x34 
 .text          0x0000000000013e00      0x104 /opt/devkitpro/devkitA64/bin/../lib/gcc/aarch64-none-elf/14.2.0/../../../../aarch64-none-elf/lib/pic/libg.a(libc_a-memset.o)
                0x0000000000013e00                memset
 *fill*         0x0000000000013f04       0x1c 
 .text._setenv_r
                0x0000000000013f20      0x254 /opt/devkitpro/devkitA64/bin/../lib/gcc/aarch64-none-elf/14.2.0/../../../../aarch64-none-elf/lib/pic/libg.a(libc_a-setenv_r.o)
                0x0000000000013f20                _setenv_r
 *fill*         0x0000000000014174        0xc 
 .text.__call_exitprocs
                0x0000000000014180        0x4 /opt/devkitpro/devkitA64/bin/../lib/gcc/aarch64-none-elf/14.2.0/../../../../aarch64-none-elf/lib/pic/libg.a(libc_a-exit.o)
                0x0000000000014180                __call_exitprocs
 .text.get_arg  0x0000000000014184       0x74 /opt/devkitpro/devkitA64/bin/../lib/gcc/aarch64-none-elf/14.2.0/../../../../aarch64-none-elf/lib/pic/libg.a(libc_a-svfscanf.o)
 .text.__ssvfscanf_r
                0x00000000000141f8     0x32d0 /opt/devkitpro/devkitA64/bin/../lib/gcc/aarch64-none-elf/14.2.0/../../../../aarch64-none-elf/lib/pic/libg.a(libc_a-svfscanf.o)
                0x00000000000141f8                __ssvfscanf_r
 *fill*         0x00000000000174c8       0x18 
 .text.strncpy  0x00000000000174e0       0x8c /opt/devkitpro/devkitA64/bin/../lib/gcc/aarch64-none-elf/14.2.0/../../../../aarch64-none-elf/lib/pic/libg.a(libc_a-strncpy.o)
                0x00000000000174e0                strncpy
 *fill*         0x000000000001756c       0x14 
 .text._strtoull_l.isra.0
                0x0000000000017580      0x1a4 /opt/devkitpro/devkitA64/bin/../lib/gcc/aarch64-none-elf/14.2.0/../../../../aarch64-none-elf/lib/pic/libg.a(libc_a-strtoull.o)
 *fill*         0x0000000000017724       0x1c 
 .text._strtoull_r
                0x0000000000017740       0x44 /opt/devkitpro/devkitA64/bin/../lib/gcc/aarch64-none-elf/14.2.0/../../../../aarch64-none-elf/lib/pic/libg.a(libc_a-strtoull.o)
                0x0000000000017740                _strtoull_r
 *fill*         0x0000000000017784       0x1c 
 .text._mbrtowc_r
                0x00000000000177a0       0xf0 /opt/devkitpro/devkitA64/bin/../lib/gcc/aarch64-none-elf/14.2.0/../../../../aarch64-none-elf/lib/pic/libg.a(libc_a-mbrtowc.o)
                0x00000000000177a0                _mbrtowc_r
 *fill*         0x0000000000017890       0x10 
 .text.__libc_init_array
                0x00000000000178a0       0x90 /opt/devkitpro/devkitA64/bin/../lib/gcc/aarch64-none-elf/14.2.0/../../../../aarch64-none-elf/lib/pic/libg.a(libc_a-init.o)
                0x00000000000178a0                __libc_init_array
 *fill*         0x0000000000017930       0x10 
 .text.__sflush_r
                0x0000000000017940      0x1e8 /opt/devkitpro/devkitA64/bin/../lib/gcc/aarch64-none-elf/14.2.0/../../../../aarch64-none-elf/lib/pic/libg.a(libc_a-fflush.o)
                0x0000000000017940                __sflush_r
 *fill*         0x0000000000017b28       0x18 
 .text._fflush_r
                0x0000000000017b40       0xb8 /opt/devkitpro/devkitA64/bin/../lib/gcc/aarch64-none-elf/14.2.0/../../../../aarch64-none-elf/lib/pic/libg.a(libc_a-fflush.o)
                0x0000000000017b40                _fflush_r
 *fill*         0x0000000000017bf8        0x8 
 .text.nanf     0x0000000000017c00        0xc /opt/devkitpro/devkitA64/bin/../lib/gcc/aarch64-none-elf/14.2.0/../../../../aarch64-none-elf/lib/pic/libg.a(libm_a-sf_nan.o)
                0x0000000000017c00                nanf
 *fill*         0x0000000000017c0c       0x14 
 .text.__env_lock
                0x0000000000017c20        0xc /opt/devkitpro/devkitA64/bin/../lib/gcc/aarch64-none-elf/14.2.0/../../../../aarch64-none-elf/lib/pic/libg.a(libc_a-envlock.o)
                0x0000000000017c20                __env_lock
 *fill*         0x0000000000017c2c       0x14 
 .text.__env_unlock
                0x0000000000017c40        0xc /opt/devkitpro/devkitA64/bin/../lib/gcc/aarch64-none-elf/14.2.0/../../../../aarch64-none-elf/lib/pic/libg.a(libc_a-envlock.o)
                0x0000000000017c40                __env_unlock
 *fill*         0x0000000000017c4c       0x14 
 .text.__sfvwrite_r
                0x0000000000017c60      0x494 /opt/devkitpro/devkitA64/bin/../lib/gcc/aarch64-none-elf/14.2.0/../../../../aarch64-none-elf/lib/pic/libg.a(libc_a-fvwrite.o)
                0x0000000000017c60                __sfvwrite_r
 *fill*         0x00000000000180f4        0xc 
 .text._strtoll_l.isra.0
                0x0000000000018100      0x2e8 /opt/devkitpro/devkitA64/bin/../lib/gcc/aarch64-none-elf/14.2.0/../../../../aarch64-none-elf/lib/pic/libg.a(libc_a-strtoll.o)
 *fill*         0x00000000000183e8       0x18 
 .text._strtoll_r
                0x0000000000018400       0x44 /opt/devkitpro/devkitA64/bin/../lib/gcc/aarch64-none-elf/14.2.0/../../../../aarch64-none-elf/lib/pic/libg.a(libc_a-strtoll.o)
                0x0000000000018400                _strtoll_r
 *fill*         0x0000000000018444       0x1c 
 .text.__locale_mb_cur_max
                0x0000000000018460       0x2c /opt/devkitpro/devkitA64/bin/../lib/gcc/aarch64-none-elf/14.2.0/../../../../aarch64-none-elf/lib/pic/libg.a(libc_a-locale.o)
                0x0000000000018460                __locale_mb_cur_max
 *fill*         0x000000000001848c       0x14 
 .text.sulp     0x00000000000184a0       0x54 /opt/devkitpro/devkitA64/bin/../lib/gcc/aarch64-none-elf/14.2.0/../../../../aarch64-none-elf/lib/pic/libg.a(libc_a-strtod.o)
 *fill*         0x00000000000184f4        0xc 
 .text._strtod_l
                0x0000000000018500     0x1210 /opt/devkitpro/devkitA64/bin/../lib/gcc/aarch64-none-elf/14.2.0/../../../../aarch64-none-elf/lib/pic/libg.a(libc_a-strtod.o)
                0x0000000000018500                _strtod_l
 *fill*         0x0000000000019710       0x10 
 .text._strtod_r
                0x0000000000019720       0x50 /opt/devkitpro/devkitA64/bin/../lib/gcc/aarch64-none-elf/14.2.0/../../../../aarch64-none-elf/lib/pic/libg.a(libc_a-strtod.o)
                0x0000000000019720                _strtod_r
 *fill*         0x0000000000019770       0x10 
 .text.gmtime_r
                0x0000000000019780      0x2a0 /opt/devkitpro/devkitA64/bin/../lib/gcc/aarch64-none-elf/14.2.0/../../../../aarch64-none-elf/lib/pic/libg.a(libc_a-gmtime_r.o)
                0x0000000000019780                gmtime_r
 .text.sprintf  0x0000000000019a20       0xa0 /opt/devkitpro/devkitA64/bin/../lib/gcc/aarch64-none-elf/14.2.0/../../../../aarch64-none-elf/lib/pic/libg.a(libc_a-sprintf.o)
                0x0000000000019a20                sprintf
 .text._memalign_r
                0x0000000000019ac0      0x17c /opt/devkitpro/devkitA64/bin/../lib/gcc/aarch64-none-elf/14.2.0/../../../../aarch64-none-elf/lib/pic/libg.a(libc_a-malignr.o)
                0x0000000000019ac0                _memalign_r
 .text._sungetc_r
                0x0000000000019c3c       0xf0 /opt/devkitpro/devkitA64/bin/../lib/gcc/aarch64-none-elf/14.2.0/../../../../aarch64-none-elf/lib/pic/libg.a(libc_a-svfiscanf.o)
                0x0000000000019c3c                _sungetc_r
 .text.__ssrefill_r
                0x0000000000019d2c       0x70 /opt/devkitpro/devkitA64/bin/../lib/gcc/aarch64-none-elf/14.2.0/../../../../aarch64-none-elf/lib/pic/libg.a(libc_a-svfiscanf.o)
                0x0000000000019d2c                __ssrefill_r
 .text._sfread_r
                0x0000000000019d9c       0xe0 /opt/devkitpro/devkitA64/bin/../lib/gcc/aarch64-none-elf/14.2.0/../../../../aarch64-none-elf/lib/pic/libg.a(libc_a-svfiscanf.o)
                0x0000000000019d9c                _sfread_r
 *fill*         0x0000000000019e7c        0x4 
 .text.rshift   0x0000000000019e80      0x11c /opt/devkitpro/devkitA64/bin/../lib/gcc/aarch64-none-elf/14.2.0/../../../../aarch64-none-elf/lib/pic/libg.a(libc_a-gdtoa-gethex.o)
 *fill*         0x0000000000019f9c        0x4 
 .text.__gethex
                0x0000000000019fa0      0x8c4 /opt/devkitpro/devkitA64/bin/../lib/gcc/aarch64-none-elf/14.2.0/../../../../aarch64-none-elf/lib/pic/libg.a(libc_a-gdtoa-gethex.o)
                0x0000000000019fa0                __gethex
 *fill*         0x000000000001a864       0x1c 
 .text.__utf8_mbtowc
                0x000000000001a880      0x2dc /opt/devkitpro/devkitA64/bin/../lib/gcc/aarch64-none-elf/14.2.0/../../../../aarch64-none-elf/lib/pic/libg.a(libc_a-mbtowc_r.o)
                0x000000000001a880                __utf8_mbtowc
 *fill*         0x000000000001ab5c        0x4 
 .text.__libc_fini_array
                0x000000000001ab60       0x44 /opt/devkitpro/devkitA64/bin/../lib/gcc/aarch64-none-elf/14.2.0/../../../../aarch64-none-elf/lib/pic/libg.a(libc_a-fini.o)
                0x000000000001ab60                __libc_fini_array
 *fill*         0x000000000001aba4       0x1c 
 .text          0x000000000001abc0       0xcc /opt/devkitpro/devkitA64/bin/../lib/gcc/aarch64-none-elf/14.2.0/../../../../aarch64-none-elf/lib/pic/libg.a(libc_a-strchr.o)
                0x000000000001abc0                strchr
 *fill*         0x000000000001ac8c       0x14 
 .text.__sread  0x000000000001aca0       0x4c /opt/devkitpro/devkitA64/bin/../lib/gcc/aarch64-none-elf/14.2.0/../../../../aarch64-none-elf/lib/pic/libg.a(libc_a-stdio.o)
                0x000000000001aca0                __sread
 *fill*         0x000000000001acec       0x14 
 .text.__seofread
                0x000000000001ad00        0x8 /opt/devkitpro/devkitA64/bin/../lib/gcc/aarch64-none-elf/14.2.0/../../../../aarch64-none-elf/lib/pic/libg.a(libc_a-stdio.o)
                0x000000000001ad00                __seofread
 *fill*         0x000000000001ad08       0x18 
 .text.__swrite
                0x000000000001ad20       0x68 /opt/devkitpro/devkitA64/bin/../lib/gcc/aarch64-none-elf/14.2.0/../../../../aarch64-none-elf/lib/pic/libg.a(libc_a-stdio.o)
                0x000000000001ad20                __swrite
 *fill*         0x000000000001ad88       0x18 
 .text.__sseek  0x000000000001ada0       0x50 /opt/devkitpro/devkitA64/bin/../lib/gcc/aarch64-none-elf/14.2.0/../../../../aarch64-none-elf/lib/pic/libg.a(libc_a-stdio.o)
                0x000000000001ada0                __sseek
 *fill*         0x000000000001adf0       0x10 
 .text.__sclose
                0x000000000001ae00        0x8 /opt/devkitpro/devkitA64/bin/../lib/gcc/aarch64-none-elf/14.2.0/../../../../aarch64-none-elf/lib/pic/libg.a(libc_a-stdio.o)
                0x000000000001ae00                __sclose
 *fill*         0x000000000001ae08       0x18 
 .text.iswspace
                0x000000000001ae20        0x8 /opt/devkitpro/devkitA64/bin/../lib/gcc/aarch64-none-elf/14.2.0/../../../../aarch64-none-elf/lib/pic/libg.a(libc_a-iswspace.o)
                0x000000000001ae20                iswspace
 *fill*         0x000000000001ae28       0x18 
 .text.__sccl   0x000000000001ae40       0xd4 /opt/devkitpro/devkitA64/bin/../lib/gcc/aarch64-none-elf/14.2.0/../../../../aarch64-none-elf/lib/pic/libg.a(libc_a-sccl.o)
                0x000000000001ae40                __sccl
 *fill*         0x000000000001af14        0xc 
 .text._fclose_r
                0x000000000001af20      0x134 /opt/devkitpro/devkitA64/bin/../lib/gcc/aarch64-none-elf/14.2.0/../../../../aarch64-none-elf/lib/pic/libg.a(libc_a-fclose.o)
                0x000000000001af20                _fclose_r
 *fill*         0x000000000001b054        0xc 
 .text.__localeconv_l
                0x000000000001b060        0x8 /opt/devkitpro/devkitA64/bin/../lib/gcc/aarch64-none-elf/14.2.0/../../../../aarch64-none-elf/lib/pic/libg.a(libc_a-localeconv.o)
                0x000000000001b060                __localeconv_l
 *fill*         0x000000000001b068       0x18 
 .text._localeconv_r
                0x000000000001b080       0x28 /opt/devkitpro/devkitA64/bin/../lib/gcc/aarch64-none-elf/14.2.0/../../../../aarch64-none-elf/lib/pic/libg.a(libc_a-localeconv.o)
                0x000000000001b080                _localeconv_r
 *fill*         0x000000000001b0a8       0x18 
 .text.__swhatbuf_r
                0x000000000001b0c0       0x94 /opt/devkitpro/devkitA64/bin/../lib/gcc/aarch64-none-elf/14.2.0/../../../../aarch64-none-elf/lib/pic/libg.a(libc_a-makebuf.o)
                0x000000000001b0c0                __swhatbuf_r
 *fill*         0x000000000001b154        0xc 
 .text.__smakebuf_r
                0x000000000001b160       0xfc /opt/devkitpro/devkitA64/bin/../lib/gcc/aarch64-none-elf/14.2.0/../../../../aarch64-none-elf/lib/pic/libg.a(libc_a-makebuf.o)
                0x000000000001b160                __smakebuf_r
 *fill*         0x000000000001b25c        0x4 
 .text.realloc  0x000000000001b260       0x2c /opt/devkitpro/devkitA64/bin/../lib/gcc/aarch64-none-elf/14.2.0/../../../../aarch64-none-elf/lib/pic/libg.a(libc_a-realloc.o)
                0x000000000001b260                realloc
 .text.get_arg  0x000000000001b28c      0x790 /opt/devkitpro/devkitA64/bin/../lib/gcc/aarch64-none-elf/14.2.0/../../../../aarch64-none-elf/lib/pic/libg.a(libc_a-svfprintf.o)
 .text._svfprintf_r
                0x000000000001ba1c     0x3c0c /opt/devkitpro/devkitA64/bin/../lib/gcc/aarch64-none-elf/14.2.0/../../../../aarch64-none-elf/lib/pic/libg.a(libc_a-svfprintf.o)
                0x000000000001ba1c                _svfprintf_r
 *fill*         0x000000000001f628       0x18 
 .text._strtol_l.part.0
                0x000000000001f640      0x2e8 /opt/devkitpro/devkitA64/bin/../lib/gcc/aarch64-none-elf/14.2.0/../../../../aarch64-none-elf/lib/pic/libg.a(libc_a-strtol.o)
 *fill*         0x000000000001f928       0x18 
 .text._strtol_r
                0x000000000001f940       0x70 /opt/devkitpro/devkitA64/bin/../lib/gcc/aarch64-none-elf/14.2.0/../../../../aarch64-none-elf/lib/pic/libg.a(libc_a-strtol.o)
                0x000000000001f940                _strtol_r
 *fill*         0x000000000001f9b0       0x10 
 .text._findenv_r
                0x000000000001f9c0      0x104 /opt/devkitpro/devkitA64/bin/../lib/gcc/aarch64-none-elf/14.2.0/../../../../aarch64-none-elf/lib/pic/libg.a(libc_a-getenv_r.o)
                0x000000000001f9c0                _findenv_r
 *fill*         0x000000000001fac4       0x1c 
 .text.stpncpy  0x000000000001fae0       0x9c /opt/devkitpro/devkitA64/bin/../lib/gcc/aarch64-none-elf/14.2.0/../../../../aarch64-none-elf/lib/pic/libg.a(libc_a-stpncpy.o)
                0x000000000001fae0                stpncpy
 *fill*         0x000000000001fb7c        0x4 
 .text._realloc_r
                0x000000000001fb80      0x53c /opt/devkitpro/devkitA64/bin/../lib/gcc/aarch64-none-elf/14.2.0/../../../../aarch64-none-elf/lib/pic/libg.a(libc_a-reallocr.o)
                0x000000000001fb80                _realloc_r
 *fill*         0x00000000000200bc        0x4 
 .text.__utf8_wctomb
                0x00000000000200c0       0xe4 /opt/devkitpro/devkitA64/bin/../lib/gcc/aarch64-none-elf/14.2.0/../../../../aarch64-none-elf/lib/pic/libg.a(libc_a-wctomb_r.o)
                0x00000000000200c0                __utf8_wctomb
 *fill*         0x00000000000201a4       0x1c 
 .text._wcsrtombs_r
                0x00000000000201c0       0x10 /opt/devkitpro/devkitA64/bin/../lib/gcc/aarch64-none-elf/14.2.0/../../../../aarch64-none-elf/lib/pic/libg.a(libc_a-wcsrtombs.o)
                0x00000000000201c0                _wcsrtombs_r
 *fill*         0x00000000000201d0       0x10 
 .text.__match  0x00000000000201e0       0x48 /opt/devkitpro/devkitA64/bin/../lib/gcc/aarch64-none-elf/14.2.0/../../../../aarch64-none-elf/lib/pic/libg.a(libc_a-gdtoa-hexnan.o)
                0x00000000000201e0                __match
 *fill*         0x0000000000020228       0x18 
 .text.__hexnan
                0x0000000000020240      0x25c /opt/devkitpro/devkitA64/bin/../lib/gcc/aarch64-none-elf/14.2.0/../../../../aarch64-none-elf/lib/pic/libg.a(libc_a-gdtoa-hexnan.o)
                0x0000000000020240                __hexnan
 *fill*         0x000000000002049c        0x4 
 .text.__swsetup_r
                0x00000000000204a0      0x180 /opt/devkitpro/devkitA64/bin/../lib/gcc/aarch64-none-elf/14.2.0/../../../../aarch64-none-elf/lib/pic/libg.a(libc_a-wsetup.o)
                0x00000000000204a0                __swsetup_r
 .text.nan      0x0000000000020620        0xc /opt/devkitpro/devkitA64/bin/../lib/gcc/aarch64-none-elf/14.2.0/../../../../aarch64-none-elf/lib/pic/libg.a(libm_a-s_nan.o)
                0x0000000000020620                nan
 *fill*         0x000000000002062c       0x14 
 .text.frexp    0x0000000000020640       0x78 /opt/devkitpro/devkitA64/bin/../lib/gcc/aarch64-none-elf/14.2.0/../../../../aarch64-none-elf/lib/pic/libg.a(libm_a-s_frexp.o)
                0x0000000000020640                frexp
 *fill*         0x00000000000206b8        0x8 
 .text.__submore